21:42:54 **** Clean-only build of configuration Debug for project motion ****
make clean 
rm -rf  ./src/motion.o  ./src/motion.d  motion.elf.size  motion.elf
 
21:42:54 **** Build of configuration Debug for project motion ****
make all 
Building file: ../src/motion.c
Invoking: ARM v7 Linux gcc compiler
arm-linux-gnueabihf-gcc -Wall -O0 -g3 -I"/home/catabit/Zybo/ledBtnAxiTut/build/tmp/sysroots/plnx_arm/usr/include" -I"/home/catabit/.opt/petalinux/tools/linux-i386/gcc-arm-linux-gnueabi/arm-linux-gnueabihf/include" -I"/home/catabit/.opt/petalinux/tools/linux-i386/gcc-arm-linux-gnueabi/arm-linux-gnueabihf/libc/usr/include" -I"/home/catabit/.opt/petalinux/tools/linux-i386/gcc-arm-linux-gnueabi/lib/gcc/arm-linux-gnueabihf/6.2.1/include" -I"/home/catabit/.opt/petalinux/tools/linux-i386/gcc-arm-linux-gnueabi/lib/gcc/arm-linux-gnueabihf/6.2.1/include-fixed" -c -fmessage-length=0 -MT"src/motion.o" -MMD -MP -MF"src/motion.d" -MT"src/motion.o" -o "src/motion.o" "../src/motion.c"
../src/motion.c: In function ‘main’:
../src/motion.c:27:7: warning: implicit declaration of function ‘findDeviceByName’ [-Wimplicit-function-declaration]
  fd = findDeviceByName("motionController");
       ^~~~~~~~~~~~~~~~
../src/motion.c:52:11: warning: zero-length gnu_printf format string [-Wformat-zero-length]
    printf("");
           ^~
Finished building: ../src/motion.c
 
Building target: motion.elf
Invoking: ARM v7 Linux gcc linker
arm-linux-gnueabihf-gcc -L"/home/catabit/Zybo/ledBtnAxiTut/build/tmp/sysroots/plnx_arm/usr/lib" -L"/home/catabit/Zybo/ledBtnAxiTut/build/tmp/sysroots/plnx_arm/lib" --sysroot="/home/catabit/Zybo/ledBtnAxiTut/build/tmp/sysroots/plnx_arm" -o "motion.elf"  ./src/motion.o   
./src/motion.o: In function `main':
/home/catabit/Zybo/project_2/project_2.sdk/motion/Debug/../src/motion.c:27: undefined reference to `findDeviceByName'
makefile:36: recipe for target 'motion.elf' failed
collect2: error: ld returned 1 exit status
make: *** [motion.elf] Error 1
21:43:08 **** Auto Build of configuration Debug for project motion ****
make all 
Building file: ../src/motion.c
Invoking: ARM v7 Linux gcc compiler
arm-linux-gnueabihf-gcc -Wall -O0 -g3 -I"/home/catabit/Zybo/ledBtnAxiTut/build/tmp/sysroots/plnx_arm/usr/include" -I"/home/catabit/.opt/petalinux/tools/linux-i386/gcc-arm-linux-gnueabi/arm-linux-gnueabihf/include" -I"/home/catabit/.opt/petalinux/tools/linux-i386/gcc-arm-linux-gnueabi/arm-linux-gnueabihf/libc/usr/include" -I"/home/catabit/.opt/petalinux/tools/linux-i386/gcc-arm-linux-gnueabi/lib/gcc/arm-linux-gnueabihf/6.2.1/include" -I"/home/catabit/.opt/petalinux/tools/linux-i386/gcc-arm-linux-gnueabi/lib/gcc/arm-linux-gnueabihf/6.2.1/include-fixed" -c -fmessage-length=0 -MT"src/motion.o" -MMD -MP -MF"src/motion.d" -MT"src/motion.o" -o "src/motion.o" "../src/motion.c"
../src/motion.c: In function ‘main’:
../src/motion.c:53:11: warning: zero-length gnu_printf format string [-Wformat-zero-length]
    printf("");
           ^~
Finished building: ../src/motion.c
 
Building target: motion.elf
Invoking: ARM v7 Linux gcc linker
arm-linux-gnueabihf-gcc -L"/home/catabit/Zybo/ledBtnAxiTut/build/tmp/sysroots/plnx_arm/usr/lib" -L"/home/catabit/Zybo/ledBtnAxiTut/build/tmp/sysroots/plnx_arm/lib" --sysroot="/home/catabit/Zybo/ledBtnAxiTut/build/tmp/sysroots/plnx_arm" -o "motion.elf"  ./src/motion.o   
./src/motion.o: In function `main':
/home/catabit/Zybo/project_2/project_2.sdk/motion/Debug/../src/motion.c:28: undefined reference to `findDeviceByName'
collect2: error: ld returned 1 exit status
makefile:36: recipe for target 'motion.elf' failed
make: *** [motion.elf] Error 1
21:43:40 **** Auto Build of configuration Debug for project motion ****
make all 
Building target: motion.elf
Invoking: ARM v7 Linux gcc linker
arm-linux-gnueabihf-gcc -L"/home/catabit/Zybo/ledBtnAxiTut/build/tmp/sysroots/plnx_arm/usr/lib" -L"/home/catabit/Zybo/ledBtnAxiTut/build/tmp/sysroots/plnx_arm/lib" --sysroot="/home/catabit/Zybo/ledBtnAxiTut/build/tmp/sysroots/plnx_arm" -o "motion.elf"  ./src/motion.o   -luiotools
Finished building target: motion.elf
 
Invoking: ARM v7 Linux Print Size
arm-linux-gnueabihf-size motion.elf  |tee "motion.elf.size"
   text	   data	    bss	    dec	    hex	filename
   2386	    312	      8	   2706	    a92	motion.elf
Finished building: motion.elf.size
 
21:44:07 **** Auto Build of configuration Debug for project motion ****
make all 
Building file: ../src/motion.c
Invoking: ARM v7 Linux gcc compiler
arm-linux-gnueabihf-gcc -Wall -O0 -g3 -I"/home/catabit/Zybo/ledBtnAxiTut/build/tmp/sysroots/plnx_arm/usr/include" -I"/home/catabit/.opt/petalinux/tools/linux-i386/gcc-arm-linux-gnueabi/arm-linux-gnueabihf/include" -I"/home/catabit/.opt/petalinux/tools/linux-i386/gcc-arm-linux-gnueabi/arm-linux-gnueabihf/libc/usr/include" -I"/home/catabit/.opt/petalinux/tools/linux-i386/gcc-arm-linux-gnueabi/lib/gcc/arm-linux-gnueabihf/6.2.1/include" -I"/home/catabit/.opt/petalinux/tools/linux-i386/gcc-arm-linux-gnueabi/lib/gcc/arm-linux-gnueabihf/6.2.1/include-fixed" -c -fmessage-length=0 -MT"src/motion.o" -MMD -MP -MF"src/motion.d" -MT"src/motion.o" -o "src/motion.o" "../src/motion.c"
Finished building: ../src/motion.c
 
Building target: motion.elf
Invoking: ARM v7 Linux gcc linker
arm-linux-gnueabihf-gcc -L"/home/catabit/Zybo/ledBtnAxiTut/build/tmp/sysroots/plnx_arm/usr/lib" -L"/home/catabit/Zybo/ledBtnAxiTut/build/tmp/sysroots/plnx_arm/lib" --sysroot="/home/catabit/Zybo/ledBtnAxiTut/build/tmp/sysroots/plnx_arm" -o "motion.elf"  ./src/motion.o   -luiotools
Finished building target: motion.elf
 
Invoking: ARM v7 Linux Print Size
arm-linux-gnueabihf-size motion.elf  |tee "motion.elf.size"
   text	   data	    bss	    dec	    hex	filename
   2485	    316	      8	   2809	    af9	motion.elf
Finished building: motion.elf.size
 
21:44:11 **** Auto Build of configuration Debug for project motion ****
make all 
Building file: ../src/motion.c
Invoking: ARM v7 Linux gcc compiler
arm-linux-gnueabihf-gcc -Wall -O0 -g3 -I"/home/catabit/Zybo/ledBtnAxiTut/build/tmp/sysroots/plnx_arm/usr/include" -I"/home/catabit/.opt/petalinux/tools/linux-i386/gcc-arm-linux-gnueabi/arm-linux-gnueabihf/include" -I"/home/catabit/.opt/petalinux/tools/linux-i386/gcc-arm-linux-gnueabi/arm-linux-gnueabihf/libc/usr/include" -I"/home/catabit/.opt/petalinux/tools/linux-i386/gcc-arm-linux-gnueabi/lib/gcc/arm-linux-gnueabihf/6.2.1/include" -I"/home/catabit/.opt/petalinux/tools/linux-i386/gcc-arm-linux-gnueabi/lib/gcc/arm-linux-gnueabihf/6.2.1/include-fixed" -c -fmessage-length=0 -MT"src/motion.o" -MMD -MP -MF"src/motion.d" -MT"src/motion.o" -o "src/motion.o" "../src/motion.c"
Finished building: ../src/motion.c
 
Building target: motion.elf
Invoking: ARM v7 Linux gcc linker
arm-linux-gnueabihf-gcc -L"/home/catabit/Zybo/ledBtnAxiTut/build/tmp/sysroots/plnx_arm/usr/lib" -L"/home/catabit/Zybo/ledBtnAxiTut/build/tmp/sysroots/plnx_arm/lib" --sysroot="/home/catabit/Zybo/ledBtnAxiTut/build/tmp/sysroots/plnx_arm" -o "motion.elf"  ./src/motion.o   -luiotools
Finished building target: motion.elf
 
Invoking: ARM v7 Linux Print Size
arm-linux-gnueabihf-size motion.elf  |tee "motion.elf.size"
   text	   data	    bss	    dec	    hex	filename
   2485	    316	      8	   2809	    af9	motion.elf
Finished building: motion.elf.size
 
21:44:41 **** Auto Build of configuration Debug for project motion ****
make all 
Building file: ../src/motion.c
Invoking: ARM v7 Linux gcc compiler
arm-linux-gnueabihf-gcc -Wall -O0 -g3 -I"/home/catabit/Zybo/ledBtnAxiTut/build/tmp/sysroots/plnx_arm/usr/include" -I"/home/catabit/.opt/petalinux/tools/linux-i386/gcc-arm-linux-gnueabi/arm-linux-gnueabihf/include" -I"/home/catabit/.opt/petalinux/tools/linux-i386/gcc-arm-linux-gnueabi/arm-linux-gnueabihf/libc/usr/include" -I"/home/catabit/.opt/petalinux/tools/linux-i386/gcc-arm-linux-gnueabi/lib/gcc/arm-linux-gnueabihf/6.2.1/include" -I"/home/catabit/.opt/petalinux/tools/linux-i386/gcc-arm-linux-gnueabi/lib/gcc/arm-linux-gnueabihf/6.2.1/include-fixed" -c -fmessage-length=0 -MT"src/motion.o" -MMD -MP -MF"src/motion.d" -MT"src/motion.o" -o "src/motion.o" "../src/motion.c"
Finished building: ../src/motion.c
 
Building target: motion.elf
Invoking: ARM v7 Linux gcc linker
arm-linux-gnueabihf-gcc -L"/home/catabit/Zybo/ledBtnAxiTut/build/tmp/sysroots/plnx_arm/usr/lib" -L"/home/catabit/Zybo/ledBtnAxiTut/build/tmp/sysroots/plnx_arm/lib" --sysroot="/home/catabit/Zybo/ledBtnAxiTut/build/tmp/sysroots/plnx_arm" -o "motion.elf"  ./src/motion.o   -luiotools
Finished building target: motion.elf
 
Invoking: ARM v7 Linux Print Size
arm-linux-gnueabihf-size motion.elf  |tee "motion.elf.size"
   text	   data	    bss	    dec	    hex	filename
   2539	    316	      8	   2863	    b2f	motion.elf
Finished building: motion.elf.size
 
21:45:22 **** Auto Build of configuration Debug for project motion ****
make all 
Building file: ../src/motion.c
Invoking: ARM v7 Linux gcc compiler
arm-linux-gnueabihf-gcc -Wall -O0 -g3 -I"/home/catabit/Zybo/ledBtnAxiTut/build/tmp/sysroots/plnx_arm/usr/include" -I"/home/catabit/.opt/petalinux/tools/linux-i386/gcc-arm-linux-gnueabi/arm-linux-gnueabihf/include" -I"/home/catabit/.opt/petalinux/tools/linux-i386/gcc-arm-linux-gnueabi/arm-linux-gnueabihf/libc/usr/include" -I"/home/catabit/.opt/petalinux/tools/linux-i386/gcc-arm-linux-gnueabi/lib/gcc/arm-linux-gnueabihf/6.2.1/include" -I"/home/catabit/.opt/petalinux/tools/linux-i386/gcc-arm-linux-gnueabi/lib/gcc/arm-linux-gnueabihf/6.2.1/include-fixed" -c -fmessage-length=0 -MT"src/motion.o" -MMD -MP -MF"src/motion.d" -MT"src/motion.o" -o "src/motion.o" "../src/motion.c"
Finished building: ../src/motion.c
 
Building target: motion.elf
Invoking: ARM v7 Linux gcc linker
arm-linux-gnueabihf-gcc -L"/home/catabit/Zybo/ledBtnAxiTut/build/tmp/sysroots/plnx_arm/usr/lib" -L"/home/catabit/Zybo/ledBtnAxiTut/build/tmp/sysroots/plnx_arm/lib" --sysroot="/home/catabit/Zybo/ledBtnAxiTut/build/tmp/sysroots/plnx_arm" -o "motion.elf"  ./src/motion.o   -luiotools
Finished building target: motion.elf
 
Invoking: ARM v7 Linux Print Size
arm-linux-gnueabihf-size motion.elf  |tee "motion.elf.size"
   text	   data	    bss	    dec	    hex	filename
   2539	    316	      8	   2863	    b2f	motion.elf
Finished building: motion.elf.size
 
21:45:48 **** Auto Build of configuration Debug for project motion ****
make all 
Building file: ../src/motion.c
Invoking: ARM v7 Linux gcc compiler
arm-linux-gnueabihf-gcc -Wall -O0 -g3 -I"/home/catabit/Zybo/ledBtnAxiTut/build/tmp/sysroots/plnx_arm/usr/include" -I"/home/catabit/.opt/petalinux/tools/linux-i386/gcc-arm-linux-gnueabi/arm-linux-gnueabihf/include" -I"/home/catabit/.opt/petalinux/tools/linux-i386/gcc-arm-linux-gnueabi/arm-linux-gnueabihf/libc/usr/include" -I"/home/catabit/.opt/petalinux/tools/linux-i386/gcc-arm-linux-gnueabi/lib/gcc/arm-linux-gnueabihf/6.2.1/include" -I"/home/catabit/.opt/petalinux/tools/linux-i386/gcc-arm-linux-gnueabi/lib/gcc/arm-linux-gnueabihf/6.2.1/include-fixed" -c -fmessage-length=0 -MT"src/motion.o" -MMD -MP -MF"src/motion.d" -MT"src/motion.o" -o "src/motion.o" "../src/motion.c"
Finished building: ../src/motion.c
 
Building target: motion.elf
Invoking: ARM v7 Linux gcc linker
arm-linux-gnueabihf-gcc -L"/home/catabit/Zybo/ledBtnAxiTut/build/tmp/sysroots/plnx_arm/usr/lib" -L"/home/catabit/Zybo/ledBtnAxiTut/build/tmp/sysroots/plnx_arm/lib" --sysroot="/home/catabit/Zybo/ledBtnAxiTut/build/tmp/sysroots/plnx_arm" -o "motion.elf"  ./src/motion.o   -luiotools
Finished building target: motion.elf
 
Invoking: ARM v7 Linux Print Size
arm-linux-gnueabihf-size motion.elf  |tee "motion.elf.size"
   text	   data	    bss	    dec	    hex	filename
   2543	    316	      8	   2867	    b33	motion.elf
Finished building: motion.elf.size
 
21:46:07 **** Auto Build of configuration Debug for project motion ****
make all 
Building file: ../src/motion.c
Invoking: ARM v7 Linux gcc compiler
arm-linux-gnueabihf-gcc -Wall -O0 -g3 -I"/home/catabit/Zybo/ledBtnAxiTut/build/tmp/sysroots/plnx_arm/usr/include" -I"/home/catabit/.opt/petalinux/tools/linux-i386/gcc-arm-linux-gnueabi/arm-linux-gnueabihf/include" -I"/home/catabit/.opt/petalinux/tools/linux-i386/gcc-arm-linux-gnueabi/arm-linux-gnueabihf/libc/usr/include" -I"/home/catabit/.opt/petalinux/tools/linux-i386/gcc-arm-linux-gnueabi/lib/gcc/arm-linux-gnueabihf/6.2.1/include" -I"/home/catabit/.opt/petalinux/tools/linux-i386/gcc-arm-linux-gnueabi/lib/gcc/arm-linux-gnueabihf/6.2.1/include-fixed" -c -fmessage-length=0 -MT"src/motion.o" -MMD -MP -MF"src/motion.d" -MT"src/motion.o" -o "src/motion.o" "../src/motion.c"
Finished building: ../src/motion.c
 
Building target: motion.elf
Invoking: ARM v7 Linux gcc linker
arm-linux-gnueabihf-gcc -L"/home/catabit/Zybo/ledBtnAxiTut/build/tmp/sysroots/plnx_arm/usr/lib" -L"/home/catabit/Zybo/ledBtnAxiTut/build/tmp/sysroots/plnx_arm/lib" --sysroot="/home/catabit/Zybo/ledBtnAxiTut/build/tmp/sysroots/plnx_arm" -o "motion.elf"  ./src/motion.o   -luiotools
Finished building target: motion.elf
 
Invoking: ARM v7 Linux Print Size
arm-linux-gnueabihf-size motion.elf  |tee "motion.elf.size"
   text	   data	    bss	    dec	    hex	filename
   2543	    316	      8	   2867	    b33	motion.elf
Finished building: motion.elf.size
 
21:47:30 **** Auto Build of configuration Debug for project motion ****
make all 
Building file: ../src/motion.c
Invoking: ARM v7 Linux gcc compiler
arm-linux-gnueabihf-gcc -Wall -O0 -g3 -I"/home/catabit/Zybo/ledBtnAxiTut/build/tmp/sysroots/plnx_arm/usr/include" -I"/home/catabit/.opt/petalinux/tools/linux-i386/gcc-arm-linux-gnueabi/arm-linux-gnueabihf/include" -I"/home/catabit/.opt/petalinux/tools/linux-i386/gcc-arm-linux-gnueabi/arm-linux-gnueabihf/libc/usr/include" -I"/home/catabit/.opt/petalinux/tools/linux-i386/gcc-arm-linux-gnueabi/lib/gcc/arm-linux-gnueabihf/6.2.1/include" -I"/home/catabit/.opt/petalinux/tools/linux-i386/gcc-arm-linux-gnueabi/lib/gcc/arm-linux-gnueabihf/6.2.1/include-fixed" -c -fmessage-length=0 -MT"src/motion.o" -MMD -MP -MF"src/motion.d" -MT"src/motion.o" -o "src/motion.o" "../src/motion.c"
Finished building: ../src/motion.c
 
Building target: motion.elf
Invoking: ARM v7 Linux gcc linker
arm-linux-gnueabihf-gcc -L"/home/catabit/Zybo/ledBtnAxiTut/build/tmp/sysroots/plnx_arm/usr/lib" -L"/home/catabit/Zybo/ledBtnAxiTut/build/tmp/sysroots/plnx_arm/lib" --sysroot="/home/catabit/Zybo/ledBtnAxiTut/build/tmp/sysroots/plnx_arm" -o "motion.elf"  ./src/motion.o   -luiotools
Finished building target: motion.elf
 
Invoking: ARM v7 Linux Print Size
arm-linux-gnueabihf-size motion.elf  |tee "motion.elf.size"
   text	   data	    bss	    dec	    hex	filename
   2599	    316	      8	   2923	    b6b	motion.elf
Finished building: motion.elf.size
 
21:48:52 **** Auto Build of configuration Debug for project motion ****
make all 
Building file: ../src/motion.c
Invoking: ARM v7 Linux gcc compiler
arm-linux-gnueabihf-gcc -Wall -O0 -g3 -I"/home/catabit/Zybo/ledBtnAxiTut/build/tmp/sysroots/plnx_arm/usr/include" -I"/home/catabit/.opt/petalinux/tools/linux-i386/gcc-arm-linux-gnueabi/arm-linux-gnueabihf/include" -I"/home/catabit/.opt/petalinux/tools/linux-i386/gcc-arm-linux-gnueabi/arm-linux-gnueabihf/libc/usr/include" -I"/home/catabit/.opt/petalinux/tools/linux-i386/gcc-arm-linux-gnueabi/lib/gcc/arm-linux-gnueabihf/6.2.1/include" -I"/home/catabit/.opt/petalinux/tools/linux-i386/gcc-arm-linux-gnueabi/lib/gcc/arm-linux-gnueabihf/6.2.1/include-fixed" -c -fmessage-length=0 -MT"src/motion.o" -MMD -MP -MF"src/motion.d" -MT"src/motion.o" -o "src/motion.o" "../src/motion.c"
Finished building: ../src/motion.c
 
Building target: motion.elf
Invoking: ARM v7 Linux gcc linker
arm-linux-gnueabihf-gcc -L"/home/catabit/Zybo/ledBtnAxiTut/build/tmp/sysroots/plnx_arm/usr/lib" -L"/home/catabit/Zybo/ledBtnAxiTut/build/tmp/sysroots/plnx_arm/lib" --sysroot="/home/catabit/Zybo/ledBtnAxiTut/build/tmp/sysroots/plnx_arm" -o "motion.elf"  ./src/motion.o   -luiotools
Finished building target: motion.elf
 
Invoking: ARM v7 Linux Print Size
arm-linux-gnueabihf-size motion.elf  |tee "motion.elf.size"
   text	   data	    bss	    dec	    hex	filename
   2651	    316	      8	   2975	    b9f	motion.elf
Finished building: motion.elf.size
 
21:49:31 **** Auto Build of configuration Debug for project motion ****
make all 
Building file: ../src/motion.c
Invoking: ARM v7 Linux gcc compiler
arm-linux-gnueabihf-gcc -Wall -O0 -g3 -I"/home/catabit/Zybo/ledBtnAxiTut/build/tmp/sysroots/plnx_arm/usr/include" -I"/home/catabit/.opt/petalinux/tools/linux-i386/gcc-arm-linux-gnueabi/arm-linux-gnueabihf/include" -I"/home/catabit/.opt/petalinux/tools/linux-i386/gcc-arm-linux-gnueabi/arm-linux-gnueabihf/libc/usr/include" -I"/home/catabit/.opt/petalinux/tools/linux-i386/gcc-arm-linux-gnueabi/lib/gcc/arm-linux-gnueabihf/6.2.1/include" -I"/home/catabit/.opt/petalinux/tools/linux-i386/gcc-arm-linux-gnueabi/lib/gcc/arm-linux-gnueabihf/6.2.1/include-fixed" -c -fmessage-length=0 -MT"src/motion.o" -MMD -MP -MF"src/motion.d" -MT"src/motion.o" -o "src/motion.o" "../src/motion.c"
../src/motion.c: In function ‘main’:
../src/motion.c:76:3: warning: this ‘if’ clause does not guard... [-Wmisleading-indentation]
   if (argc<3)
   ^~
../src/motion.c:78:4: note: ...this statement, but the latter is misleadingly indented as if it is guarded by the ‘if’
    printf("Servo limits are [%d, %d]\n", SERVOLEFT, SERVORIGHT);
    ^~~~~~
../src/motion.c:79:3: error: expected ‘}’ before ‘else’
   else{
   ^~~~
../src/motion.c: At top level:
../src/motion.c:12:45: error: expected ‘)’ before numeric constant
 #define CUSTOM_IP_MAP_SIZE                  0x10000
                                             ^
../src/motion.c:95:14: note: in expansion of macro ‘CUSTOM_IP_MAP_SIZE’
  munmap(ptr, CUSTOM_IP_MAP_SIZE);
              ^~~~~~~~~~~~~~~~~~
../src/motion.c:96:2: error: expected identifier or ‘(’ before ‘return’
  return 0;
  ^~~~~~
../src/motion.c:97:1: error: expected identifier or ‘(’ before ‘}’ token
 }
 ^
src/subdir.mk:18: recipe for target 'src/motion.o' failed
make: *** [src/motion.o] Error 1
21:49:49 **** Auto Build of configuration Debug for project motion ****
make all 
Building file: ../src/motion.c
Invoking: ARM v7 Linux gcc compiler
arm-linux-gnueabihf-gcc -Wall -O0 -g3 -I"/home/catabit/Zybo/ledBtnAxiTut/build/tmp/sysroots/plnx_arm/usr/include" -I"/home/catabit/.opt/petalinux/tools/linux-i386/gcc-arm-linux-gnueabi/arm-linux-gnueabihf/include" -I"/home/catabit/.opt/petalinux/tools/linux-i386/gcc-arm-linux-gnueabi/arm-linux-gnueabihf/libc/usr/include" -I"/home/catabit/.opt/petalinux/tools/linux-i386/gcc-arm-linux-gnueabi/lib/gcc/arm-linux-gnueabihf/6.2.1/include" -I"/home/catabit/.opt/petalinux/tools/linux-i386/gcc-arm-linux-gnueabi/lib/gcc/arm-linux-gnueabihf/6.2.1/include-fixed" -c -fmessage-length=0 -MT"src/motion.o" -MMD -MP -MF"src/motion.d" -MT"src/motion.o" -o "src/motion.o" "../src/motion.c"
Finished building: ../src/motion.c
 
Building target: motion.elf
Invoking: ARM v7 Linux gcc linker
arm-linux-gnueabihf-gcc -L"/home/catabit/Zybo/ledBtnAxiTut/build/tmp/sysroots/plnx_arm/usr/lib" -L"/home/catabit/Zybo/ledBtnAxiTut/build/tmp/sysroots/plnx_arm/lib" --sysroot="/home/catabit/Zybo/ledBtnAxiTut/build/tmp/sysroots/plnx_arm" -o "motion.elf"  ./src/motion.o   -luiotools
Finished building target: motion.elf
 
Invoking: ARM v7 Linux Print Size
arm-linux-gnueabihf-size motion.elf  |tee "motion.elf.size"
   text	   data	    bss	    dec	    hex	filename
   2747	    320	      8	   3075	    c03	motion.elf
Finished building: motion.elf.size
 
21:50:12 **** Auto Build of configuration Debug for project motion ****
make all 
Building file: ../src/motion.c
Invoking: ARM v7 Linux gcc compiler
arm-linux-gnueabihf-gcc -Wall -O0 -g3 -I"/home/catabit/Zybo/ledBtnAxiTut/build/tmp/sysroots/plnx_arm/usr/include" -I"/home/catabit/.opt/petalinux/tools/linux-i386/gcc-arm-linux-gnueabi/arm-linux-gnueabihf/include" -I"/home/catabit/.opt/petalinux/tools/linux-i386/gcc-arm-linux-gnueabi/arm-linux-gnueabihf/libc/usr/include" -I"/home/catabit/.opt/petalinux/tools/linux-i386/gcc-arm-linux-gnueabi/lib/gcc/arm-linux-gnueabihf/6.2.1/include" -I"/home/catabit/.opt/petalinux/tools/linux-i386/gcc-arm-linux-gnueabi/lib/gcc/arm-linux-gnueabihf/6.2.1/include-fixed" -c -fmessage-length=0 -MT"src/motion.o" -MMD -MP -MF"src/motion.d" -MT"src/motion.o" -o "src/motion.o" "../src/motion.c"
Finished building: ../src/motion.c
 
Building target: motion.elf
Invoking: ARM v7 Linux gcc linker
arm-linux-gnueabihf-gcc -L"/home/catabit/Zybo/ledBtnAxiTut/build/tmp/sysroots/plnx_arm/usr/lib" -L"/home/catabit/Zybo/ledBtnAxiTut/build/tmp/sysroots/plnx_arm/lib" --sysroot="/home/catabit/Zybo/ledBtnAxiTut/build/tmp/sysroots/plnx_arm" -o "motion.elf"  ./src/motion.o   -luiotools
Finished building target: motion.elf
 
Invoking: ARM v7 Linux Print Size
arm-linux-gnueabihf-size motion.elf  |tee "motion.elf.size"
   text	   data	    bss	    dec	    hex	filename
   2747	    320	      8	   3075	    c03	motion.elf
Finished building: motion.elf.size
 
21:50:42 **** Auto Build of configuration Debug for project motion ****
make all 
Building file: ../src/motion.c
Invoking: ARM v7 Linux gcc compiler
arm-linux-gnueabihf-gcc -Wall -O0 -g3 -I"/home/catabit/Zybo/ledBtnAxiTut/build/tmp/sysroots/plnx_arm/usr/include" -I"/home/catabit/.opt/petalinux/tools/linux-i386/gcc-arm-linux-gnueabi/arm-linux-gnueabihf/include" -I"/home/catabit/.opt/petalinux/tools/linux-i386/gcc-arm-linux-gnueabi/arm-linux-gnueabihf/libc/usr/include" -I"/home/catabit/.opt/petalinux/tools/linux-i386/gcc-arm-linux-gnueabi/lib/gcc/arm-linux-gnueabihf/6.2.1/include" -I"/home/catabit/.opt/petalinux/tools/linux-i386/gcc-arm-linux-gnueabi/lib/gcc/arm-linux-gnueabihf/6.2.1/include-fixed" -c -fmessage-length=0 -MT"src/motion.o" -MMD -MP -MF"src/motion.d" -MT"src/motion.o" -o "src/motion.o" "../src/motion.c"
Finished building: ../src/motion.c
 
Building target: motion.elf
Invoking: ARM v7 Linux gcc linker
arm-linux-gnueabihf-gcc -L"/home/catabit/Zybo/ledBtnAxiTut/build/tmp/sysroots/plnx_arm/usr/lib" -L"/home/catabit/Zybo/ledBtnAxiTut/build/tmp/sysroots/plnx_arm/lib" --sysroot="/home/catabit/Zybo/ledBtnAxiTut/build/tmp/sysroots/plnx_arm" -o "motion.elf"  ./src/motion.o   -luiotools
Finished building target: motion.elf
 
Invoking: ARM v7 Linux Print Size
arm-linux-gnueabihf-size motion.elf  |tee "motion.elf.size"
   text	   data	    bss	    dec	    hex	filename
   2767	    320	      8	   3095	    c17	motion.elf
Finished building: motion.elf.size
 
21:52:49 **** Auto Build of configuration Debug for project motion ****
make all 
Building file: ../src/motion.c
Invoking: ARM v7 Linux gcc compiler
arm-linux-gnueabihf-gcc -Wall -O0 -g3 -I"/home/catabit/Zybo/ledBtnAxiTut/build/tmp/sysroots/plnx_arm/usr/include" -I"/home/catabit/.opt/petalinux/tools/linux-i386/gcc-arm-linux-gnueabi/arm-linux-gnueabihf/include" -I"/home/catabit/.opt/petalinux/tools/linux-i386/gcc-arm-linux-gnueabi/arm-linux-gnueabihf/libc/usr/include" -I"/home/catabit/.opt/petalinux/tools/linux-i386/gcc-arm-linux-gnueabi/lib/gcc/arm-linux-gnueabihf/6.2.1/include" -I"/home/catabit/.opt/petalinux/tools/linux-i386/gcc-arm-linux-gnueabi/lib/gcc/arm-linux-gnueabihf/6.2.1/include-fixed" -c -fmessage-length=0 -MT"src/motion.o" -MMD -MP -MF"src/motion.d" -MT"src/motion.o" -o "src/motion.o" "../src/motion.c"
Finished building: ../src/motion.c
 
Building target: motion.elf
Invoking: ARM v7 Linux gcc linker
arm-linux-gnueabihf-gcc -L"/home/catabit/Zybo/ledBtnAxiTut/build/tmp/sysroots/plnx_arm/usr/lib" -L"/home/catabit/Zybo/ledBtnAxiTut/build/tmp/sysroots/plnx_arm/lib" --sysroot="/home/catabit/Zybo/ledBtnAxiTut/build/tmp/sysroots/plnx_arm" -o "motion.elf"  ./src/motion.o   -luiotools
Finished building target: motion.elf
 
Invoking: ARM v7 Linux Print Size
arm-linux-gnueabihf-size motion.elf  |tee "motion.elf.size"
   text	   data	    bss	    dec	    hex	filename
   2767	    320	      8	   3095	    c17	motion.elf
Finished building: motion.elf.size
 
21:53:00 **** Auto Build of configuration Debug for project motion ****
make all 
Building file: ../src/motion.c
Invoking: ARM v7 Linux gcc compiler
arm-linux-gnueabihf-gcc -Wall -O0 -g3 -I"/home/catabit/Zybo/ledBtnAxiTut/build/tmp/sysroots/plnx_arm/usr/include" -I"/home/catabit/.opt/petalinux/tools/linux-i386/gcc-arm-linux-gnueabi/arm-linux-gnueabihf/include" -I"/home/catabit/.opt/petalinux/tools/linux-i386/gcc-arm-linux-gnueabi/arm-linux-gnueabihf/libc/usr/include" -I"/home/catabit/.opt/petalinux/tools/linux-i386/gcc-arm-linux-gnueabi/lib/gcc/arm-linux-gnueabihf/6.2.1/include" -I"/home/catabit/.opt/petalinux/tools/linux-i386/gcc-arm-linux-gnueabi/lib/gcc/arm-linux-gnueabihf/6.2.1/include-fixed" -c -fmessage-length=0 -MT"src/motion.o" -MMD -MP -MF"src/motion.d" -MT"src/motion.o" -o "src/motion.o" "../src/motion.c"
Finished building: ../src/motion.c
 
Building target: motion.elf
Invoking: ARM v7 Linux gcc linker
arm-linux-gnueabihf-gcc -L"/home/catabit/Zybo/ledBtnAxiTut/build/tmp/sysroots/plnx_arm/usr/lib" -L"/home/catabit/Zybo/ledBtnAxiTut/build/tmp/sysroots/plnx_arm/lib" --sysroot="/home/catabit/Zybo/ledBtnAxiTut/build/tmp/sysroots/plnx_arm" -o "motion.elf"  ./src/motion.o   -luiotools
Finished building target: motion.elf
 
Invoking: ARM v7 Linux Print Size
arm-linux-gnueabihf-size motion.elf  |tee "motion.elf.size"
   text	   data	    bss	    dec	    hex	filename
   2767	    320	      8	   3095	    c17	motion.elf
Finished building: motion.elf.size
 
22:56:32 **** Auto Build of configuration Debug for project motion ****
make all 
Building file: ../src/motion.c
Invoking: ARM v7 Linux gcc compiler
arm-linux-gnueabihf-gcc -Wall -O0 -g3 -I"/home/catabit/Zybo/ledBtnAxiTut/build/tmp/sysroots/plnx_arm/usr/include" -I"/home/catabit/.opt/petalinux/tools/linux-i386/gcc-arm-linux-gnueabi/arm-linux-gnueabihf/include" -I"/home/catabit/.opt/petalinux/tools/linux-i386/gcc-arm-linux-gnueabi/arm-linux-gnueabihf/libc/usr/include" -I"/home/catabit/.opt/petalinux/tools/linux-i386/gcc-arm-linux-gnueabi/lib/gcc/arm-linux-gnueabihf/6.2.1/include" -I"/home/catabit/.opt/petalinux/tools/linux-i386/gcc-arm-linux-gnueabi/lib/gcc/arm-linux-gnueabihf/6.2.1/include-fixed" -c -fmessage-length=0 -MT"src/motion.o" -MMD -MP -MF"src/motion.d" -MT"src/motion.o" -o "src/motion.o" "../src/motion.c"
../src/motion.c: In function ‘main’:
../src/motion.c:46:2: error: ‘unsiged’ undeclared (first use in this function)
  unsiged short leftSpeed = 0;
  ^~~~~~~
../src/motion.c:46:2: note: each undeclared identifier is reported only once for each function it appears in
../src/motion.c:46:10: error: expected ‘;’ before ‘short’
  unsiged short leftSpeed = 0;
          ^~~~~
../src/motion.c:64:4: error: ‘leftSpeed’ undeclared (first use in this function)
    leftSpeed = strtoul(argv[3],NULL,0);
    ^~~~~~~~~
src/subdir.mk:18: recipe for target 'src/motion.o' failed
make: *** [src/motion.o] Error 1
22:56:40 **** Auto Build of configuration Debug for project motion ****
make all 
Building file: ../src/motion.c
Invoking: ARM v7 Linux gcc compiler
arm-linux-gnueabihf-gcc -Wall -O0 -g3 -I"/home/catabit/Zybo/ledBtnAxiTut/build/tmp/sysroots/plnx_arm/usr/include" -I"/home/catabit/.opt/petalinux/tools/linux-i386/gcc-arm-linux-gnueabi/arm-linux-gnueabihf/include" -I"/home/catabit/.opt/petalinux/tools/linux-i386/gcc-arm-linux-gnueabi/arm-linux-gnueabihf/libc/usr/include" -I"/home/catabit/.opt/petalinux/tools/linux-i386/gcc-arm-linux-gnueabi/lib/gcc/arm-linux-gnueabihf/6.2.1/include" -I"/home/catabit/.opt/petalinux/tools/linux-i386/gcc-arm-linux-gnueabi/lib/gcc/arm-linux-gnueabihf/6.2.1/include-fixed" -c -fmessage-length=0 -MT"src/motion.o" -MMD -MP -MF"src/motion.d" -MT"src/motion.o" -o "src/motion.o" "../src/motion.c"
Finished building: ../src/motion.c
 
Building target: motion.elf
Invoking: ARM v7 Linux gcc linker
arm-linux-gnueabihf-gcc -L"/home/catabit/Zybo/ledBtnAxiTut/build/tmp/sysroots/plnx_arm/usr/lib" -L"/home/catabit/Zybo/ledBtnAxiTut/build/tmp/sysroots/plnx_arm/lib" --sysroot="/home/catabit/Zybo/ledBtnAxiTut/build/tmp/sysroots/plnx_arm" -o "motion.elf"  ./src/motion.o   -luiotools
Finished building target: motion.elf
 
Invoking: ARM v7 Linux Print Size
arm-linux-gnueabihf-size motion.elf  |tee "motion.elf.size"
   text	   data	    bss	    dec	    hex	filename
   2771	    320	      8	   3099	    c1b	motion.elf
Finished building: motion.elf.size
 
22:58:52 **** Auto Build of configuration Debug for project motion ****
make all 
Building file: ../src/motion.c
Invoking: ARM v7 Linux gcc compiler
arm-linux-gnueabihf-gcc -Wall -O0 -g3 -I"/home/catabit/Zybo/ledBtnAxiTut/build/tmp/sysroots/plnx_arm/usr/include" -I"/home/catabit/.opt/petalinux/tools/linux-i386/gcc-arm-linux-gnueabi/arm-linux-gnueabihf/include" -I"/home/catabit/.opt/petalinux/tools/linux-i386/gcc-arm-linux-gnueabi/arm-linux-gnueabihf/libc/usr/include" -I"/home/catabit/.opt/petalinux/tools/linux-i386/gcc-arm-linux-gnueabi/lib/gcc/arm-linux-gnueabihf/6.2.1/include" -I"/home/catabit/.opt/petalinux/tools/linux-i386/gcc-arm-linux-gnueabi/lib/gcc/arm-linux-gnueabihf/6.2.1/include-fixed" -c -fmessage-length=0 -MT"src/motion.o" -MMD -MP -MF"src/motion.d" -MT"src/motion.o" -o "src/motion.o" "../src/motion.c"
Finished building: ../src/motion.c
 
Building target: motion.elf
Invoking: ARM v7 Linux gcc linker
arm-linux-gnueabihf-gcc -L"/home/catabit/Zybo/ledBtnAxiTut/build/tmp/sysroots/plnx_arm/usr/lib" -L"/home/catabit/Zybo/ledBtnAxiTut/build/tmp/sysroots/plnx_arm/lib" --sysroot="/home/catabit/Zybo/ledBtnAxiTut/build/tmp/sysroots/plnx_arm" -o "motion.elf"  ./src/motion.o   -luiotools
Finished building target: motion.elf
 
Invoking: ARM v7 Linux Print Size
arm-linux-gnueabihf-size motion.elf  |tee "motion.elf.size"
   text	   data	    bss	    dec	    hex	filename
   2747	    320	      8	   3075	    c03	motion.elf
Finished building: motion.elf.size
 
