22:58:52 **** Auto Build of configuration Debug for project motion ****
make all 
Building file: ../src/motion.c
Invoking: ARM v7 Linux gcc compiler
arm-linux-gnueabihf-gcc -Wall -O0 -g3 -I"/home/catabit/Zybo/ledBtnAxiTut/build/tmp/sysroots/plnx_arm/usr/include" -I"/home/catabit/.opt/petalinux/tools/linux-i386/gcc-arm-linux-gnueabi/arm-linux-gnueabihf/include" -I"/home/catabit/.opt/petalinux/tools/linux-i386/gcc-arm-linux-gnueabi/arm-linux-gnueabihf/libc/usr/include" -I"/home/catabit/.opt/petalinux/tools/linux-i386/gcc-arm-linux-gnueabi/lib/gcc/arm-linux-gnueabihf/6.2.1/include" -I"/home/catabit/.opt/petalinux/tools/linux-i386/gcc-arm-linux-gnueabi/lib/gcc/arm-linux-gnueabihf/6.2.1/include-fixed" -c -fmessage-length=0 -MT"src/motion.o" -MMD -MP -MF"src/motion.d" -MT"src/motion.o" -o "src/motion.o" "../src/motion.c"
Finished building: ../src/motion.c
 
Building target: motion.elf
Invoking: ARM v7 Linux gcc linker
arm-linux-gnueabihf-gcc -L"/home/catabit/Zybo/ledBtnAxiTut/build/tmp/sysroots/plnx_arm/usr/lib" -L"/home/catabit/Zybo/ledBtnAxiTut/build/tmp/sysroots/plnx_arm/lib" --sysroot="/home/catabit/Zybo/ledBtnAxiTut/build/tmp/sysroots/plnx_arm" -o "motion.elf"  ./src/motion.o   -luiotools
Finished building target: motion.elf
 
Invoking: ARM v7 Linux Print Size
arm-linux-gnueabihf-size motion.elf  |tee "motion.elf.size"
   text	   data	    bss	    dec	    hex	filename
   2747	    320	      8	   3075	    c03	motion.elf
Finished building: motion.elf.size
 

22:58:53 Build Finished (took 456ms)

