12:11:50 **** Incremental Build of configuration Debug for project cameratest ****
make all 
make: Nothing to be done for 'all'.
12:13:51 **** Auto Build of configuration Debug for project cameratest ****
make all 
Building file: ../src/cameratest.c
Invoking: ARM v7 Linux gcc compiler
arm-linux-gnueabihf-gcc -Wall -O0 -g3 -I"/home/catabit/Zybo/plvideotest/build/tmp/sysroots/plnx_arm/usr/include" -I"/home/catabit/.opt/petalinux/tools/linux-i386/gcc-arm-linux-gnueabi/arm-linux-gnueabihf/include" -I"/home/catabit/.opt/petalinux/tools/linux-i386/gcc-arm-linux-gnueabi/arm-linux-gnueabihf/libc/usr/include" -I"/home/catabit/.opt/petalinux/tools/linux-i386/gcc-arm-linux-gnueabi/lib/gcc/arm-linux-gnueabihf/6.2.1/include" -I"/home/catabit/.opt/petalinux/tools/linux-i386/gcc-arm-linux-gnueabi/lib/gcc/arm-linux-gnueabihf/6.2.1/include-fixed" -c -fmessage-length=0 -MT"src/cameratest.o" -MMD -MP -MF"src/cameratest.d" -MT"src/cameratest.o" -o "src/cameratest.o" "../src/cameratest.c"
In file included from ../src/cameratest.c:19:0:
../src/cameraiic.h: In function ‘cameraInit’:
../src/cameraiic.h:480:19: warning: passing argument 2 of ‘writeConfig’ discards ‘const’ qualifier from pointer target type [-Wdiscarded-array-qualifiers]
  writeConfig(fd,  cfg_init_);
                   ^~~~~~~~~
../src/cameraiic.h:438:6: note: expected ‘uint16_t (*)[2] {aka short unsigned int (*)[2]}’ but argument is of type ‘const uint16_t (*)[2] {aka const short unsigned int (*)[2]}’
 void writeConfig(int fd, uint16_t config[][2]) {
      ^~~~~~~~~~~
../src/cameraiic.h:484:18: warning: passing argument 2 of ‘writeConfig’ discards ‘const’ qualifier from pointer target type [-Wdiscarded-array-qualifiers]
  writeConfig(fd, cfg_720p_60fps_);
                  ^~~~~~~~~~~~~~~
../src/cameraiic.h:438:6: note: expected ‘uint16_t (*)[2] {aka short unsigned int (*)[2]}’ but argument is of type ‘const uint16_t (*)[2] {aka const short unsigned int (*)[2]}’
 void writeConfig(int fd, uint16_t config[][2]) {
      ^~~~~~~~~~~
../src/cameraiic.h:488:18: warning: passing argument 2 of ‘writeConfig’ discards ‘const’ qualifier from pointer target type [-Wdiscarded-array-qualifiers]
  writeConfig(fd, cfg_disable_awb_);
                  ^~~~~~~~~~~~~~~~
../src/cameraiic.h:438:6: note: expected ‘uint16_t (*)[2] {aka short unsigned int (*)[2]}’ but argument is of type ‘const uint16_t (*)[2] {aka const short unsigned int (*)[2]}’
 void writeConfig(int fd, uint16_t config[][2]) {
      ^~~~~~~~~~~
../src/cameratest.c: In function ‘vdma_setup’:
../src/cameratest.c:125:32: warning: assignment makes pointer from integer without a cast [-Wint-conversion]
     handle->fb1PhysicalAddress = fb1Addr;
                                ^
../src/cameratest.c:132:32: warning: assignment makes pointer from integer without a cast [-Wint-conversion]
     handle->fb2PhysicalAddress = fb2Addr;
                                ^
../src/cameratest.c:139:32: warning: assignment makes pointer from integer without a cast [-Wint-conversion]
     handle->fb3PhysicalAddress = fb3Addr;
                                ^
../src/cameratest.c: In function ‘vdma_start_triple_buffering’:
../src/cameratest.c:239:53: warning: passing argument 3 of ‘vdma_set’ makes integer from pointer without a cast [-Wint-conversion]
     vdma_set(handle, OFFSET_VDMA_S2MM_FRAMEBUFFER1, handle->fb1PhysicalAddress);
                                                     ^~~~~~
../src/cameratest.c:108:6: note: expected ‘unsigned int’ but argument is of type ‘unsigned char *’
 void vdma_set(vdma_handle *handle, int num, unsigned int val) {
      ^~~~~~~~
../src/cameratest.c:241:53: warning: passing argument 3 of ‘vdma_set’ makes integer from pointer without a cast [-Wint-conversion]
     vdma_set(handle, OFFSET_VDMA_S2MM_FRAMEBUFFER2, handle->fb2PhysicalAddress);
                                                     ^~~~~~
../src/cameratest.c:108:6: note: expected ‘unsigned int’ but argument is of type ‘unsigned char *’
 void vdma_set(vdma_handle *handle, int num, unsigned int val) {
      ^~~~~~~~
../src/cameratest.c:243:53: warning: passing argument 3 of ‘vdma_set’ makes integer from pointer without a cast [-Wint-conversion]
     vdma_set(handle, OFFSET_VDMA_S2MM_FRAMEBUFFER3, handle->fb3PhysicalAddress);
                                                     ^~~~~~
../src/cameratest.c:108:6: note: expected ‘unsigned int’ but argument is of type ‘unsigned char *’
 void vdma_set(vdma_handle *handle, int num, unsigned int val) {
      ^~~~~~~~
Finished building: ../src/cameratest.c
 
Building target: cameratest.elf
Invoking: ARM v7 Linux gcc linker
arm-linux-gnueabihf-gcc -L"/home/catabit/Zybo/plvideotest/build/tmp/sysroots/plnx_arm/usr/lib" -L"/home/catabit/Zybo/plvideotest/build/tmp/sysroots/plnx_arm/lib" --sysroot="/home/catabit/Zybo/plvideotest/build/tmp/sysroots/plnx_arm" -o "cameratest.elf"  ./src/cameratest.o   -luiotools
Finished building target: cameratest.elf
 
Invoking: ARM v7 Linux Print Size
arm-linux-gnueabihf-size cameratest.elf  |tee "cameratest.elf.size"
   text	   data	    bss	    dec	    hex	filename
   8504	    362	      2	   8868	   22a4	cameratest.elf
Finished building: cameratest.elf.size
 
12:17:14 **** Auto Build of configuration Debug for project cameratest ****
make all 
Building file: ../src/cameratest.c
Invoking: ARM v7 Linux gcc compiler
arm-linux-gnueabihf-gcc -Wall -O0 -g3 -I"/home/catabit/Zybo/plvideotest/build/tmp/sysroots/plnx_arm/usr/include" -I"/home/catabit/.opt/petalinux/tools/linux-i386/gcc-arm-linux-gnueabi/arm-linux-gnueabihf/include" -I"/home/catabit/.opt/petalinux/tools/linux-i386/gcc-arm-linux-gnueabi/arm-linux-gnueabihf/libc/usr/include" -I"/home/catabit/.opt/petalinux/tools/linux-i386/gcc-arm-linux-gnueabi/lib/gcc/arm-linux-gnueabihf/6.2.1/include" -I"/home/catabit/.opt/petalinux/tools/linux-i386/gcc-arm-linux-gnueabi/lib/gcc/arm-linux-gnueabihf/6.2.1/include-fixed" -c -fmessage-length=0 -MT"src/cameratest.o" -MMD -MP -MF"src/cameratest.d" -MT"src/cameratest.o" -o "src/cameratest.o" "../src/cameratest.c"
In file included from ../src/cameratest.c:19:0:
../src/cameraiic.h: In function ‘cameraInit’:
../src/cameraiic.h:507:19: warning: passing argument 2 of ‘writeConfig’ discards ‘const’ qualifier from pointer target type [-Wdiscarded-array-qualifiers]
  writeConfig(fd,  cfg_init_);
                   ^~~~~~~~~
../src/cameraiic.h:465:6: note: expected ‘uint16_t (*)[2] {aka short unsigned int (*)[2]}’ but argument is of type ‘const uint16_t (*)[2] {aka const short unsigned int (*)[2]}’
 void writeConfig(int fd, uint16_t config[][2]) {
      ^~~~~~~~~~~
../src/cameraiic.h:511:18: warning: passing argument 2 of ‘writeConfig’ discards ‘const’ qualifier from pointer target type [-Wdiscarded-array-qualifiers]
  writeConfig(fd, cfg_720p_60fps_);
                  ^~~~~~~~~~~~~~~
../src/cameraiic.h:465:6: note: expected ‘uint16_t (*)[2] {aka short unsigned int (*)[2]}’ but argument is of type ‘const uint16_t (*)[2] {aka const short unsigned int (*)[2]}’
 void writeConfig(int fd, uint16_t config[][2]) {
      ^~~~~~~~~~~
../src/cameraiic.h:515:18: warning: passing argument 2 of ‘writeConfig’ discards ‘const’ qualifier from pointer target type [-Wdiscarded-array-qualifiers]
  writeConfig(fd, cfg_disable_awb_);
                  ^~~~~~~~~~~~~~~~
../src/cameraiic.h:465:6: note: expected ‘uint16_t (*)[2] {aka short unsigned int (*)[2]}’ but argument is of type ‘const uint16_t (*)[2] {aka const short unsigned int (*)[2]}’
 void writeConfig(int fd, uint16_t config[][2]) {
      ^~~~~~~~~~~
../src/cameratest.c: In function ‘vdma_setup’:
../src/cameratest.c:125:32: warning: assignment makes pointer from integer without a cast [-Wint-conversion]
     handle->fb1PhysicalAddress = fb1Addr;
                                ^
../src/cameratest.c:132:32: warning: assignment makes pointer from integer without a cast [-Wint-conversion]
     handle->fb2PhysicalAddress = fb2Addr;
                                ^
../src/cameratest.c:139:32: warning: assignment makes pointer from integer without a cast [-Wint-conversion]
     handle->fb3PhysicalAddress = fb3Addr;
                                ^
../src/cameratest.c: In function ‘vdma_start_triple_buffering’:
../src/cameratest.c:239:53: warning: passing argument 3 of ‘vdma_set’ makes integer from pointer without a cast [-Wint-conversion]
     vdma_set(handle, OFFSET_VDMA_S2MM_FRAMEBUFFER1, handle->fb1PhysicalAddress);
                                                     ^~~~~~
../src/cameratest.c:108:6: note: expected ‘unsigned int’ but argument is of type ‘unsigned char *’
 void vdma_set(vdma_handle *handle, int num, unsigned int val) {
      ^~~~~~~~
../src/cameratest.c:241:53: warning: passing argument 3 of ‘vdma_set’ makes integer from pointer without a cast [-Wint-conversion]
     vdma_set(handle, OFFSET_VDMA_S2MM_FRAMEBUFFER2, handle->fb2PhysicalAddress);
                                                     ^~~~~~
../src/cameratest.c:108:6: note: expected ‘unsigned int’ but argument is of type ‘unsigned char *’
 void vdma_set(vdma_handle *handle, int num, unsigned int val) {
      ^~~~~~~~
../src/cameratest.c:243:53: warning: passing argument 3 of ‘vdma_set’ makes integer from pointer without a cast [-Wint-conversion]
     vdma_set(handle, OFFSET_VDMA_S2MM_FRAMEBUFFER3, handle->fb3PhysicalAddress);
                                                     ^~~~~~
../src/cameratest.c:108:6: note: expected ‘unsigned int’ but argument is of type ‘unsigned char *’
 void vdma_set(vdma_handle *handle, int num, unsigned int val) {
      ^~~~~~~~
Finished building: ../src/cameratest.c
 
Building target: cameratest.elf
Invoking: ARM v7 Linux gcc linker
arm-linux-gnueabihf-gcc -L"/home/catabit/Zybo/plvideotest/build/tmp/sysroots/plnx_arm/usr/lib" -L"/home/catabit/Zybo/plvideotest/build/tmp/sysroots/plnx_arm/lib" --sysroot="/home/catabit/Zybo/plvideotest/build/tmp/sysroots/plnx_arm" -o "cameratest.elf"  ./src/cameratest.o   -luiotools
Finished building target: cameratest.elf
 
Invoking: ARM v7 Linux Print Size
arm-linux-gnueabihf-size cameratest.elf  |tee "cameratest.elf.size"
   text	   data	    bss	    dec	    hex	filename
   8584	    362	      2	   8948	   22f4	cameratest.elf
Finished building: cameratest.elf.size
 
12:19:35 **** Auto Build of configuration Debug for project cameratest ****
make all 
Building file: ../src/cameratest.c
Invoking: ARM v7 Linux gcc compiler
arm-linux-gnueabihf-gcc -Wall -O0 -g3 -I"/home/catabit/Zybo/plvideotest/build/tmp/sysroots/plnx_arm/usr/include" -I"/home/catabit/.opt/petalinux/tools/linux-i386/gcc-arm-linux-gnueabi/arm-linux-gnueabihf/include" -I"/home/catabit/.opt/petalinux/tools/linux-i386/gcc-arm-linux-gnueabi/arm-linux-gnueabihf/libc/usr/include" -I"/home/catabit/.opt/petalinux/tools/linux-i386/gcc-arm-linux-gnueabi/lib/gcc/arm-linux-gnueabihf/6.2.1/include" -I"/home/catabit/.opt/petalinux/tools/linux-i386/gcc-arm-linux-gnueabi/lib/gcc/arm-linux-gnueabihf/6.2.1/include-fixed" -c -fmessage-length=0 -MT"src/cameratest.o" -MMD -MP -MF"src/cameratest.d" -MT"src/cameratest.o" -o "src/cameratest.o" "../src/cameratest.c"
In file included from ../src/cameratest.c:19:0:
../src/cameraiic.h: In function ‘cameraInit’:
../src/cameraiic.h:507:19: warning: passing argument 2 of ‘writeConfig’ discards ‘const’ qualifier from pointer target type [-Wdiscarded-array-qualifiers]
  writeConfig(fd,  cfg_init_);
                   ^~~~~~~~~
../src/cameraiic.h:465:6: note: expected ‘uint16_t (*)[2] {aka short unsigned int (*)[2]}’ but argument is of type ‘const uint16_t (*)[2] {aka const short unsigned int (*)[2]}’
 void writeConfig(int fd, uint16_t config[][2]) {
      ^~~~~~~~~~~
../src/cameraiic.h:511:18: warning: passing argument 2 of ‘writeConfig’ discards ‘const’ qualifier from pointer target type [-Wdiscarded-array-qualifiers]
  writeConfig(fd, cfg_720p_60fps_);
                  ^~~~~~~~~~~~~~~
../src/cameraiic.h:465:6: note: expected ‘uint16_t (*)[2] {aka short unsigned int (*)[2]}’ but argument is of type ‘const uint16_t (*)[2] {aka const short unsigned int (*)[2]}’
 void writeConfig(int fd, uint16_t config[][2]) {
      ^~~~~~~~~~~
../src/cameraiic.h:515:18: warning: passing argument 2 of ‘writeConfig’ discards ‘const’ qualifier from pointer target type [-Wdiscarded-array-qualifiers]
  writeConfig(fd, cfg_simple_awb_);
                  ^~~~~~~~~~~~~~~
../src/cameraiic.h:465:6: note: expected ‘uint16_t (*)[2] {aka short unsigned int (*)[2]}’ but argument is of type ‘const uint16_t (*)[2] {aka const short unsigned int (*)[2]}’
 void writeConfig(int fd, uint16_t config[][2]) {
      ^~~~~~~~~~~
../src/cameratest.c: In function ‘vdma_setup’:
../src/cameratest.c:125:32: warning: assignment makes pointer from integer without a cast [-Wint-conversion]
     handle->fb1PhysicalAddress = fb1Addr;
                                ^
../src/cameratest.c:132:32: warning: assignment makes pointer from integer without a cast [-Wint-conversion]
     handle->fb2PhysicalAddress = fb2Addr;
                                ^
../src/cameratest.c:139:32: warning: assignment makes pointer from integer without a cast [-Wint-conversion]
     handle->fb3PhysicalAddress = fb3Addr;
                                ^
../src/cameratest.c: In function ‘vdma_start_triple_buffering’:
../src/cameratest.c:239:53: warning: passing argument 3 of ‘vdma_set’ makes integer from pointer without a cast [-Wint-conversion]
     vdma_set(handle, OFFSET_VDMA_S2MM_FRAMEBUFFER1, handle->fb1PhysicalAddress);
                                                     ^~~~~~
../src/cameratest.c:108:6: note: expected ‘unsigned int’ but argument is of type ‘unsigned char *’
 void vdma_set(vdma_handle *handle, int num, unsigned int val) {
      ^~~~~~~~
../src/cameratest.c:241:53: warning: passing argument 3 of ‘vdma_set’ makes integer from pointer without a cast [-Wint-conversion]
     vdma_set(handle, OFFSET_VDMA_S2MM_FRAMEBUFFER2, handle->fb2PhysicalAddress);
                                                     ^~~~~~
../src/cameratest.c:108:6: note: expected ‘unsigned int’ but argument is of type ‘unsigned char *’
 void vdma_set(vdma_handle *handle, int num, unsigned int val) {
      ^~~~~~~~
../src/cameratest.c:243:53: warning: passing argument 3 of ‘vdma_set’ makes integer from pointer without a cast [-Wint-conversion]
     vdma_set(handle, OFFSET_VDMA_S2MM_FRAMEBUFFER3, handle->fb3PhysicalAddress);
                                                     ^~~~~~
../src/cameratest.c:108:6: note: expected ‘unsigned int’ but argument is of type ‘unsigned char *’
 void vdma_set(vdma_handle *handle, int num, unsigned int val) {
      ^~~~~~~~
Finished building: ../src/cameratest.c
 
Building target: cameratest.elf
Invoking: ARM v7 Linux gcc linker
arm-linux-gnueabihf-gcc -L"/home/catabit/Zybo/plvideotest/build/tmp/sysroots/plnx_arm/usr/lib" -L"/home/catabit/Zybo/plvideotest/build/tmp/sysroots/plnx_arm/lib" --sysroot="/home/catabit/Zybo/plvideotest/build/tmp/sysroots/plnx_arm" -o "cameratest.elf"  ./src/cameratest.o   -luiotools
Finished building target: cameratest.elf
 
Invoking: ARM v7 Linux Print Size
arm-linux-gnueabihf-size cameratest.elf  |tee "cameratest.elf.size"
   text	   data	    bss	    dec	    hex	filename
   8584	    362	      2	   8948	   22f4	cameratest.elf
Finished building: cameratest.elf.size
 
12:24:23 **** Auto Build of configuration Debug for project cameratest ****
make all 
Building file: ../src/cameratest.c
Invoking: ARM v7 Linux gcc compiler
arm-linux-gnueabihf-gcc -Wall -O0 -g3 -I"/home/catabit/Zybo/plvideotest/build/tmp/sysroots/plnx_arm/usr/include" -I"/home/catabit/.opt/petalinux/tools/linux-i386/gcc-arm-linux-gnueabi/arm-linux-gnueabihf/include" -I"/home/catabit/.opt/petalinux/tools/linux-i386/gcc-arm-linux-gnueabi/arm-linux-gnueabihf/libc/usr/include" -I"/home/catabit/.opt/petalinux/tools/linux-i386/gcc-arm-linux-gnueabi/lib/gcc/arm-linux-gnueabihf/6.2.1/include" -I"/home/catabit/.opt/petalinux/tools/linux-i386/gcc-arm-linux-gnueabi/lib/gcc/arm-linux-gnueabihf/6.2.1/include-fixed" -c -fmessage-length=0 -MT"src/cameratest.o" -MMD -MP -MF"src/cameratest.d" -MT"src/cameratest.o" -o "src/cameratest.o" "../src/cameratest.c"
In file included from ../src/cameratest.c:19:0:
../src/cameraiic.h: In function ‘cameraInit’:
../src/cameraiic.h:507:19: warning: passing argument 2 of ‘writeConfig’ discards ‘const’ qualifier from pointer target type [-Wdiscarded-array-qualifiers]
  writeConfig(fd,  cfg_init_);
                   ^~~~~~~~~
../src/cameraiic.h:465:6: note: expected ‘uint16_t (*)[2] {aka short unsigned int (*)[2]}’ but argument is of type ‘const uint16_t (*)[2] {aka const short unsigned int (*)[2]}’
 void writeConfig(int fd, uint16_t config[][2]) {
      ^~~~~~~~~~~
../src/cameraiic.h:511:18: warning: passing argument 2 of ‘writeConfig’ discards ‘const’ qualifier from pointer target type [-Wdiscarded-array-qualifiers]
  writeConfig(fd, cfg_720p_60fps_);
                  ^~~~~~~~~~~~~~~
../src/cameraiic.h:465:6: note: expected ‘uint16_t (*)[2] {aka short unsigned int (*)[2]}’ but argument is of type ‘const uint16_t (*)[2] {aka const short unsigned int (*)[2]}’
 void writeConfig(int fd, uint16_t config[][2]) {
      ^~~~~~~~~~~
../src/cameraiic.h:515:18: warning: passing argument 2 of ‘writeConfig’ discards ‘const’ qualifier from pointer target type [-Wdiscarded-array-qualifiers]
  writeConfig(fd, cfg_simple_awb_);
                  ^~~~~~~~~~~~~~~
../src/cameraiic.h:465:6: note: expected ‘uint16_t (*)[2] {aka short unsigned int (*)[2]}’ but argument is of type ‘const uint16_t (*)[2] {aka const short unsigned int (*)[2]}’
 void writeConfig(int fd, uint16_t config[][2]) {
      ^~~~~~~~~~~
../src/cameratest.c: In function ‘vdma_setup’:
../src/cameratest.c:125:32: warning: assignment makes pointer from integer without a cast [-Wint-conversion]
     handle->fb1PhysicalAddress = fb1Addr;
                                ^
../src/cameratest.c:132:32: warning: assignment makes pointer from integer without a cast [-Wint-conversion]
     handle->fb2PhysicalAddress = fb2Addr;
                                ^
../src/cameratest.c:139:32: warning: assignment makes pointer from integer without a cast [-Wint-conversion]
     handle->fb3PhysicalAddress = fb3Addr;
                                ^
../src/cameratest.c: In function ‘vdma_start_triple_buffering’:
../src/cameratest.c:239:53: warning: passing argument 3 of ‘vdma_set’ makes integer from pointer without a cast [-Wint-conversion]
     vdma_set(handle, OFFSET_VDMA_S2MM_FRAMEBUFFER1, handle->fb1PhysicalAddress);
                                                     ^~~~~~
../src/cameratest.c:108:6: note: expected ‘unsigned int’ but argument is of type ‘unsigned char *’
 void vdma_set(vdma_handle *handle, int num, unsigned int val) {
      ^~~~~~~~
../src/cameratest.c:241:53: warning: passing argument 3 of ‘vdma_set’ makes integer from pointer without a cast [-Wint-conversion]
     vdma_set(handle, OFFSET_VDMA_S2MM_FRAMEBUFFER2, handle->fb2PhysicalAddress);
                                                     ^~~~~~
../src/cameratest.c:108:6: note: expected ‘unsigned int’ but argument is of type ‘unsigned char *’
 void vdma_set(vdma_handle *handle, int num, unsigned int val) {
      ^~~~~~~~
../src/cameratest.c:243:53: warning: passing argument 3 of ‘vdma_set’ makes integer from pointer without a cast [-Wint-conversion]
     vdma_set(handle, OFFSET_VDMA_S2MM_FRAMEBUFFER3, handle->fb3PhysicalAddress);
                                                     ^~~~~~
../src/cameratest.c:108:6: note: expected ‘unsigned int’ but argument is of type ‘unsigned char *’
 void vdma_set(vdma_handle *handle, int num, unsigned int val) {
      ^~~~~~~~
Finished building: ../src/cameratest.c
 
Building target: cameratest.elf
Invoking: ARM v7 Linux gcc linker
arm-linux-gnueabihf-gcc -L"/home/catabit/Zybo/plvideotest/build/tmp/sysroots/plnx_arm/usr/lib" -L"/home/catabit/Zybo/plvideotest/build/tmp/sysroots/plnx_arm/lib" --sysroot="/home/catabit/Zybo/plvideotest/build/tmp/sysroots/plnx_arm" -o "cameratest.elf"  ./src/cameratest.o   -luiotools
Finished building target: cameratest.elf
 
Invoking: ARM v7 Linux Print Size
arm-linux-gnueabihf-size cameratest.elf  |tee "cameratest.elf.size"
   text	   data	    bss	    dec	    hex	filename
   8560	    362	      2	   8924	   22dc	cameratest.elf
Finished building: cameratest.elf.size
 
12:28:14 **** Auto Build of configuration Debug for project cameratest ****
make all 
Building file: ../src/cameratest.c
Invoking: ARM v7 Linux gcc compiler
arm-linux-gnueabihf-gcc -Wall -O0 -g3 -I"/home/catabit/Zybo/plvideotest/build/tmp/sysroots/plnx_arm/usr/include" -I"/home/catabit/.opt/petalinux/tools/linux-i386/gcc-arm-linux-gnueabi/arm-linux-gnueabihf/include" -I"/home/catabit/.opt/petalinux/tools/linux-i386/gcc-arm-linux-gnueabi/arm-linux-gnueabihf/libc/usr/include" -I"/home/catabit/.opt/petalinux/tools/linux-i386/gcc-arm-linux-gnueabi/lib/gcc/arm-linux-gnueabihf/6.2.1/include" -I"/home/catabit/.opt/petalinux/tools/linux-i386/gcc-arm-linux-gnueabi/lib/gcc/arm-linux-gnueabihf/6.2.1/include-fixed" -c -fmessage-length=0 -MT"src/cameratest.o" -MMD -MP -MF"src/cameratest.d" -MT"src/cameratest.o" -o "src/cameratest.o" "../src/cameratest.c"
In file included from ../src/cameratest.c:19:0:
../src/cameraiic.h: In function ‘cameraInit’:
../src/cameraiic.h:507:19: warning: passing argument 2 of ‘writeConfig’ discards ‘const’ qualifier from pointer target type [-Wdiscarded-array-qualifiers]
  writeConfig(fd,  cfg_init_);
                   ^~~~~~~~~
../src/cameraiic.h:465:6: note: expected ‘uint16_t (*)[2] {aka short unsigned int (*)[2]}’ but argument is of type ‘const uint16_t (*)[2] {aka const short unsigned int (*)[2]}’
 void writeConfig(int fd, uint16_t config[][2]) {
      ^~~~~~~~~~~
../src/cameraiic.h:511:18: warning: passing argument 2 of ‘writeConfig’ discards ‘const’ qualifier from pointer target type [-Wdiscarded-array-qualifiers]
  writeConfig(fd, cfg_720p_60fps_);
                  ^~~~~~~~~~~~~~~
../src/cameraiic.h:465:6: note: expected ‘uint16_t (*)[2] {aka short unsigned int (*)[2]}’ but argument is of type ‘const uint16_t (*)[2] {aka const short unsigned int (*)[2]}’
 void writeConfig(int fd, uint16_t config[][2]) {
      ^~~~~~~~~~~
../src/cameraiic.h:515:18: warning: passing argument 2 of ‘writeConfig’ discards ‘const’ qualifier from pointer target type [-Wdiscarded-array-qualifiers]
  writeConfig(fd, cfg_simple_awb_);
                  ^~~~~~~~~~~~~~~
../src/cameraiic.h:465:6: note: expected ‘uint16_t (*)[2] {aka short unsigned int (*)[2]}’ but argument is of type ‘const uint16_t (*)[2] {aka const short unsigned int (*)[2]}’
 void writeConfig(int fd, uint16_t config[][2]) {
      ^~~~~~~~~~~
../src/cameratest.c: In function ‘vdma_setup’:
../src/cameratest.c:125:32: warning: assignment makes pointer from integer without a cast [-Wint-conversion]
     handle->fb1PhysicalAddress = fb1Addr;
                                ^
../src/cameratest.c:132:32: warning: assignment makes pointer from integer without a cast [-Wint-conversion]
     handle->fb2PhysicalAddress = fb2Addr;
                                ^
../src/cameratest.c:139:32: warning: assignment makes pointer from integer without a cast [-Wint-conversion]
     handle->fb3PhysicalAddress = fb3Addr;
                                ^
../src/cameratest.c: In function ‘vdma_start_triple_buffering’:
../src/cameratest.c:239:53: warning: passing argument 3 of ‘vdma_set’ makes integer from pointer without a cast [-Wint-conversion]
     vdma_set(handle, OFFSET_VDMA_S2MM_FRAMEBUFFER1, handle->fb1PhysicalAddress);
                                                     ^~~~~~
../src/cameratest.c:108:6: note: expected ‘unsigned int’ but argument is of type ‘unsigned char *’
 void vdma_set(vdma_handle *handle, int num, unsigned int val) {
      ^~~~~~~~
../src/cameratest.c:241:53: warning: passing argument 3 of ‘vdma_set’ makes integer from pointer without a cast [-Wint-conversion]
     vdma_set(handle, OFFSET_VDMA_S2MM_FRAMEBUFFER2, handle->fb2PhysicalAddress);
                                                     ^~~~~~
../src/cameratest.c:108:6: note: expected ‘unsigned int’ but argument is of type ‘unsigned char *’
 void vdma_set(vdma_handle *handle, int num, unsigned int val) {
      ^~~~~~~~
../src/cameratest.c:243:53: warning: passing argument 3 of ‘vdma_set’ makes integer from pointer without a cast [-Wint-conversion]
     vdma_set(handle, OFFSET_VDMA_S2MM_FRAMEBUFFER3, handle->fb3PhysicalAddress);
                                                     ^~~~~~
../src/cameratest.c:108:6: note: expected ‘unsigned int’ but argument is of type ‘unsigned char *’
 void vdma_set(vdma_handle *handle, int num, unsigned int val) {
      ^~~~~~~~
Finished building: ../src/cameratest.c
 
Building target: cameratest.elf
Invoking: ARM v7 Linux gcc linker
arm-linux-gnueabihf-gcc -L"/home/catabit/Zybo/plvideotest/build/tmp/sysroots/plnx_arm/usr/lib" -L"/home/catabit/Zybo/plvideotest/build/tmp/sysroots/plnx_arm/lib" --sysroot="/home/catabit/Zybo/plvideotest/build/tmp/sysroots/plnx_arm" -o "cameratest.elf"  ./src/cameratest.o   -luiotools
Finished building target: cameratest.elf
 
Invoking: ARM v7 Linux Print Size
arm-linux-gnueabihf-size cameratest.elf  |tee "cameratest.elf.size"
   text	   data	    bss	    dec	    hex	filename
   8560	    362	      2	   8924	   22dc	cameratest.elf
Finished building: cameratest.elf.size
 
12:31:03 **** Auto Build of configuration Debug for project cameratest ****
make all 
Building file: ../src/cameratest.c
Invoking: ARM v7 Linux gcc compiler
arm-linux-gnueabihf-gcc -Wall -O0 -g3 -I"/home/catabit/Zybo/plvideotest/build/tmp/sysroots/plnx_arm/usr/include" -I"/home/catabit/.opt/petalinux/tools/linux-i386/gcc-arm-linux-gnueabi/arm-linux-gnueabihf/include" -I"/home/catabit/.opt/petalinux/tools/linux-i386/gcc-arm-linux-gnueabi/arm-linux-gnueabihf/libc/usr/include" -I"/home/catabit/.opt/petalinux/tools/linux-i386/gcc-arm-linux-gnueabi/lib/gcc/arm-linux-gnueabihf/6.2.1/include" -I"/home/catabit/.opt/petalinux/tools/linux-i386/gcc-arm-linux-gnueabi/lib/gcc/arm-linux-gnueabihf/6.2.1/include-fixed" -c -fmessage-length=0 -MT"src/cameratest.o" -MMD -MP -MF"src/cameratest.d" -MT"src/cameratest.o" -o "src/cameratest.o" "../src/cameratest.c"
In file included from ../src/cameratest.c:19:0:
../src/cameraiic.h: In function ‘cameraInit’:
../src/cameraiic.h:507:19: warning: passing argument 2 of ‘writeConfig’ discards ‘const’ qualifier from pointer target type [-Wdiscarded-array-qualifiers]
  writeConfig(fd,  cfg_init_);
                   ^~~~~~~~~
../src/cameraiic.h:465:6: note: expected ‘uint16_t (*)[2] {aka short unsigned int (*)[2]}’ but argument is of type ‘const uint16_t (*)[2] {aka const short unsigned int (*)[2]}’
 void writeConfig(int fd, uint16_t config[][2]) {
      ^~~~~~~~~~~
../src/cameraiic.h:512:18: warning: passing argument 2 of ‘writeConfig’ discards ‘const’ qualifier from pointer target type [-Wdiscarded-array-qualifiers]
  writeConfig(fd, cfg_1080p_30fps_);
                  ^~~~~~~~~~~~~~~~
../src/cameraiic.h:465:6: note: expected ‘uint16_t (*)[2] {aka short unsigned int (*)[2]}’ but argument is of type ‘const uint16_t (*)[2] {aka const short unsigned int (*)[2]}’
 void writeConfig(int fd, uint16_t config[][2]) {
      ^~~~~~~~~~~
../src/cameraiic.h:515:18: warning: passing argument 2 of ‘writeConfig’ discards ‘const’ qualifier from pointer target type [-Wdiscarded-array-qualifiers]
  writeConfig(fd, cfg_simple_awb_);
                  ^~~~~~~~~~~~~~~
../src/cameraiic.h:465:6: note: expected ‘uint16_t (*)[2] {aka short unsigned int (*)[2]}’ but argument is of type ‘const uint16_t (*)[2] {aka const short unsigned int (*)[2]}’
 void writeConfig(int fd, uint16_t config[][2]) {
      ^~~~~~~~~~~
../src/cameratest.c: In function ‘vdma_setup’:
../src/cameratest.c:125:32: warning: assignment makes pointer from integer without a cast [-Wint-conversion]
     handle->fb1PhysicalAddress = fb1Addr;
                                ^
../src/cameratest.c:132:32: warning: assignment makes pointer from integer without a cast [-Wint-conversion]
     handle->fb2PhysicalAddress = fb2Addr;
                                ^
../src/cameratest.c:139:32: warning: assignment makes pointer from integer without a cast [-Wint-conversion]
     handle->fb3PhysicalAddress = fb3Addr;
                                ^
../src/cameratest.c: In function ‘vdma_start_triple_buffering’:
../src/cameratest.c:239:53: warning: passing argument 3 of ‘vdma_set’ makes integer from pointer without a cast [-Wint-conversion]
     vdma_set(handle, OFFSET_VDMA_S2MM_FRAMEBUFFER1, handle->fb1PhysicalAddress);
                                                     ^~~~~~
../src/cameratest.c:108:6: note: expected ‘unsigned int’ but argument is of type ‘unsigned char *’
 void vdma_set(vdma_handle *handle, int num, unsigned int val) {
      ^~~~~~~~
../src/cameratest.c:241:53: warning: passing argument 3 of ‘vdma_set’ makes integer from pointer without a cast [-Wint-conversion]
     vdma_set(handle, OFFSET_VDMA_S2MM_FRAMEBUFFER2, handle->fb2PhysicalAddress);
                                                     ^~~~~~
../src/cameratest.c:108:6: note: expected ‘unsigned int’ but argument is of type ‘unsigned char *’
 void vdma_set(vdma_handle *handle, int num, unsigned int val) {
      ^~~~~~~~
../src/cameratest.c:243:53: warning: passing argument 3 of ‘vdma_set’ makes integer from pointer without a cast [-Wint-conversion]
     vdma_set(handle, OFFSET_VDMA_S2MM_FRAMEBUFFER3, handle->fb3PhysicalAddress);
                                                     ^~~~~~
../src/cameratest.c:108:6: note: expected ‘unsigned int’ but argument is of type ‘unsigned char *’
 void vdma_set(vdma_handle *handle, int num, unsigned int val) {
      ^~~~~~~~
Finished building: ../src/cameratest.c
 
Building target: cameratest.elf
Invoking: ARM v7 Linux gcc linker
arm-linux-gnueabihf-gcc -L"/home/catabit/Zybo/plvideotest/build/tmp/sysroots/plnx_arm/usr/lib" -L"/home/catabit/Zybo/plvideotest/build/tmp/sysroots/plnx_arm/lib" --sysroot="/home/catabit/Zybo/plvideotest/build/tmp/sysroots/plnx_arm" -o "cameratest.elf"  ./src/cameratest.o   -luiotools
Finished building target: cameratest.elf
 
Invoking: ARM v7 Linux Print Size
arm-linux-gnueabihf-size cameratest.elf  |tee "cameratest.elf.size"
   text	   data	    bss	    dec	    hex	filename
   8560	    362	      2	   8924	   22dc	cameratest.elf
Finished building: cameratest.elf.size
 
12:31:32 **** Auto Build of configuration Debug for project cameratest ****
make all 
Building file: ../src/cameratest.c
Invoking: ARM v7 Linux gcc compiler
arm-linux-gnueabihf-gcc -Wall -O0 -g3 -I"/home/catabit/Zybo/plvideotest/build/tmp/sysroots/plnx_arm/usr/include" -I"/home/catabit/.opt/petalinux/tools/linux-i386/gcc-arm-linux-gnueabi/arm-linux-gnueabihf/include" -I"/home/catabit/.opt/petalinux/tools/linux-i386/gcc-arm-linux-gnueabi/arm-linux-gnueabihf/libc/usr/include" -I"/home/catabit/.opt/petalinux/tools/linux-i386/gcc-arm-linux-gnueabi/lib/gcc/arm-linux-gnueabihf/6.2.1/include" -I"/home/catabit/.opt/petalinux/tools/linux-i386/gcc-arm-linux-gnueabi/lib/gcc/arm-linux-gnueabihf/6.2.1/include-fixed" -c -fmessage-length=0 -MT"src/cameratest.o" -MMD -MP -MF"src/cameratest.d" -MT"src/cameratest.o" -o "src/cameratest.o" "../src/cameratest.c"
In file included from ../src/cameratest.c:19:0:
../src/cameraiic.h: In function ‘cameraInit’:
../src/cameraiic.h:507:19: warning: passing argument 2 of ‘writeConfig’ discards ‘const’ qualifier from pointer target type [-Wdiscarded-array-qualifiers]
  writeConfig(fd,  cfg_init_);
                   ^~~~~~~~~
../src/cameraiic.h:465:6: note: expected ‘uint16_t (*)[2] {aka short unsigned int (*)[2]}’ but argument is of type ‘const uint16_t (*)[2] {aka const short unsigned int (*)[2]}’
 void writeConfig(int fd, uint16_t config[][2]) {
      ^~~~~~~~~~~
../src/cameraiic.h:512:18: warning: passing argument 2 of ‘writeConfig’ discards ‘const’ qualifier from pointer target type [-Wdiscarded-array-qualifiers]
  writeConfig(fd, cfg_1080p_30fps_);
                  ^~~~~~~~~~~~~~~~
../src/cameraiic.h:465:6: note: expected ‘uint16_t (*)[2] {aka short unsigned int (*)[2]}’ but argument is of type ‘const uint16_t (*)[2] {aka const short unsigned int (*)[2]}’
 void writeConfig(int fd, uint16_t config[][2]) {
      ^~~~~~~~~~~
../src/cameraiic.h:515:18: warning: passing argument 2 of ‘writeConfig’ discards ‘const’ qualifier from pointer target type [-Wdiscarded-array-qualifiers]
  writeConfig(fd, cfg_simple_awb_);
                  ^~~~~~~~~~~~~~~
../src/cameraiic.h:465:6: note: expected ‘uint16_t (*)[2] {aka short unsigned int (*)[2]}’ but argument is of type ‘const uint16_t (*)[2] {aka const short unsigned int (*)[2]}’
 void writeConfig(int fd, uint16_t config[][2]) {
      ^~~~~~~~~~~
../src/cameratest.c: In function ‘vdma_setup’:
../src/cameratest.c:125:32: warning: assignment makes pointer from integer without a cast [-Wint-conversion]
     handle->fb1PhysicalAddress = fb1Addr;
                                ^
../src/cameratest.c:132:32: warning: assignment makes pointer from integer without a cast [-Wint-conversion]
     handle->fb2PhysicalAddress = fb2Addr;
                                ^
../src/cameratest.c:139:32: warning: assignment makes pointer from integer without a cast [-Wint-conversion]
     handle->fb3PhysicalAddress = fb3Addr;
                                ^
../src/cameratest.c: In function ‘vdma_start_triple_buffering’:
../src/cameratest.c:239:53: warning: passing argument 3 of ‘vdma_set’ makes integer from pointer without a cast [-Wint-conversion]
     vdma_set(handle, OFFSET_VDMA_S2MM_FRAMEBUFFER1, handle->fb1PhysicalAddress);
                                                     ^~~~~~
../src/cameratest.c:108:6: note: expected ‘unsigned int’ but argument is of type ‘unsigned char *’
 void vdma_set(vdma_handle *handle, int num, unsigned int val) {
      ^~~~~~~~
../src/cameratest.c:241:53: warning: passing argument 3 of ‘vdma_set’ makes integer from pointer without a cast [-Wint-conversion]
     vdma_set(handle, OFFSET_VDMA_S2MM_FRAMEBUFFER2, handle->fb2PhysicalAddress);
                                                     ^~~~~~
../src/cameratest.c:108:6: note: expected ‘unsigned int’ but argument is of type ‘unsigned char *’
 void vdma_set(vdma_handle *handle, int num, unsigned int val) {
      ^~~~~~~~
../src/cameratest.c:243:53: warning: passing argument 3 of ‘vdma_set’ makes integer from pointer without a cast [-Wint-conversion]
     vdma_set(handle, OFFSET_VDMA_S2MM_FRAMEBUFFER3, handle->fb3PhysicalAddress);
                                                     ^~~~~~
../src/cameratest.c:108:6: note: expected ‘unsigned int’ but argument is of type ‘unsigned char *’
 void vdma_set(vdma_handle *handle, int num, unsigned int val) {
      ^~~~~~~~
Finished building: ../src/cameratest.c
 
Building target: cameratest.elf
Invoking: ARM v7 Linux gcc linker
arm-linux-gnueabihf-gcc -L"/home/catabit/Zybo/plvideotest/build/tmp/sysroots/plnx_arm/usr/lib" -L"/home/catabit/Zybo/plvideotest/build/tmp/sysroots/plnx_arm/lib" --sysroot="/home/catabit/Zybo/plvideotest/build/tmp/sysroots/plnx_arm" -o "cameratest.elf"  ./src/cameratest.o   -luiotools
Finished building target: cameratest.elf
 
Invoking: ARM v7 Linux Print Size
arm-linux-gnueabihf-size cameratest.elf  |tee "cameratest.elf.size"
   text	   data	    bss	    dec	    hex	filename
   8560	    362	      2	   8924	   22dc	cameratest.elf
Finished building: cameratest.elf.size
 
12:35:30 **** Auto Build of configuration Debug for project cameratest ****
make all 
Building file: ../src/cameratest.c
Invoking: ARM v7 Linux gcc compiler
arm-linux-gnueabihf-gcc -Wall -O0 -g3 -I"/home/catabit/Zybo/plvideotest/build/tmp/sysroots/plnx_arm/usr/include" -I"/home/catabit/.opt/petalinux/tools/linux-i386/gcc-arm-linux-gnueabi/arm-linux-gnueabihf/include" -I"/home/catabit/.opt/petalinux/tools/linux-i386/gcc-arm-linux-gnueabi/arm-linux-gnueabihf/libc/usr/include" -I"/home/catabit/.opt/petalinux/tools/linux-i386/gcc-arm-linux-gnueabi/lib/gcc/arm-linux-gnueabihf/6.2.1/include" -I"/home/catabit/.opt/petalinux/tools/linux-i386/gcc-arm-linux-gnueabi/lib/gcc/arm-linux-gnueabihf/6.2.1/include-fixed" -c -fmessage-length=0 -MT"src/cameratest.o" -MMD -MP -MF"src/cameratest.d" -MT"src/cameratest.o" -o "src/cameratest.o" "../src/cameratest.c"
In file included from ../src/cameratest.c:19:0:
../src/cameraiic.h: In function ‘cameraInit’:
../src/cameraiic.h:507:19: warning: passing argument 2 of ‘writeConfig’ discards ‘const’ qualifier from pointer target type [-Wdiscarded-array-qualifiers]
  writeConfig(fd,  cfg_init_);
                   ^~~~~~~~~
../src/cameraiic.h:465:6: note: expected ‘uint16_t (*)[2] {aka short unsigned int (*)[2]}’ but argument is of type ‘const uint16_t (*)[2] {aka const short unsigned int (*)[2]}’
 void writeConfig(int fd, uint16_t config[][2]) {
      ^~~~~~~~~~~
../src/cameraiic.h:512:18: warning: passing argument 2 of ‘writeConfig’ discards ‘const’ qualifier from pointer target type [-Wdiscarded-array-qualifiers]
  writeConfig(fd, cfg_1080p_30fps_);
                  ^~~~~~~~~~~~~~~~
../src/cameraiic.h:465:6: note: expected ‘uint16_t (*)[2] {aka short unsigned int (*)[2]}’ but argument is of type ‘const uint16_t (*)[2] {aka const short unsigned int (*)[2]}’
 void writeConfig(int fd, uint16_t config[][2]) {
      ^~~~~~~~~~~
../src/cameraiic.h:515:18: warning: passing argument 2 of ‘writeConfig’ discards ‘const’ qualifier from pointer target type [-Wdiscarded-array-qualifiers]
  writeConfig(fd, cfg_advanced_awb_);
                  ^~~~~~~~~~~~~~~~~
../src/cameraiic.h:465:6: note: expected ‘uint16_t (*)[2] {aka short unsigned int (*)[2]}’ but argument is of type ‘const uint16_t (*)[2] {aka const short unsigned int (*)[2]}’
 void writeConfig(int fd, uint16_t config[][2]) {
      ^~~~~~~~~~~
../src/cameratest.c: In function ‘vdma_setup’:
../src/cameratest.c:125:32: warning: assignment makes pointer from integer without a cast [-Wint-conversion]
     handle->fb1PhysicalAddress = fb1Addr;
                                ^
../src/cameratest.c:132:32: warning: assignment makes pointer from integer without a cast [-Wint-conversion]
     handle->fb2PhysicalAddress = fb2Addr;
                                ^
../src/cameratest.c:139:32: warning: assignment makes pointer from integer without a cast [-Wint-conversion]
     handle->fb3PhysicalAddress = fb3Addr;
                                ^
../src/cameratest.c: In function ‘vdma_start_triple_buffering’:
../src/cameratest.c:239:53: warning: passing argument 3 of ‘vdma_set’ makes integer from pointer without a cast [-Wint-conversion]
     vdma_set(handle, OFFSET_VDMA_S2MM_FRAMEBUFFER1, handle->fb1PhysicalAddress);
                                                     ^~~~~~
../src/cameratest.c:108:6: note: expected ‘unsigned int’ but argument is of type ‘unsigned char *’
 void vdma_set(vdma_handle *handle, int num, unsigned int val) {
      ^~~~~~~~
../src/cameratest.c:241:53: warning: passing argument 3 of ‘vdma_set’ makes integer from pointer without a cast [-Wint-conversion]
     vdma_set(handle, OFFSET_VDMA_S2MM_FRAMEBUFFER2, handle->fb2PhysicalAddress);
                                                     ^~~~~~
../src/cameratest.c:108:6: note: expected ‘unsigned int’ but argument is of type ‘unsigned char *’
 void vdma_set(vdma_handle *handle, int num, unsigned int val) {
      ^~~~~~~~
../src/cameratest.c:243:53: warning: passing argument 3 of ‘vdma_set’ makes integer from pointer without a cast [-Wint-conversion]
     vdma_set(handle, OFFSET_VDMA_S2MM_FRAMEBUFFER3, handle->fb3PhysicalAddress);
                                                     ^~~~~~
../src/cameratest.c:108:6: note: expected ‘unsigned int’ but argument is of type ‘unsigned char *’
 void vdma_set(vdma_handle *handle, int num, unsigned int val) {
      ^~~~~~~~
Finished building: ../src/cameratest.c
 
Building target: cameratest.elf
Invoking: ARM v7 Linux gcc linker
arm-linux-gnueabihf-gcc -L"/home/catabit/Zybo/plvideotest/build/tmp/sysroots/plnx_arm/usr/lib" -L"/home/catabit/Zybo/plvideotest/build/tmp/sysroots/plnx_arm/lib" --sysroot="/home/catabit/Zybo/plvideotest/build/tmp/sysroots/plnx_arm" -o "cameratest.elf"  ./src/cameratest.o   -luiotools
Finished building target: cameratest.elf
 
Invoking: ARM v7 Linux Print Size
arm-linux-gnueabihf-size cameratest.elf  |tee "cameratest.elf.size"
   text	   data	    bss	    dec	    hex	filename
   8560	    362	      2	   8924	   22dc	cameratest.elf
Finished building: cameratest.elf.size
 
12:36:15 **** Auto Build of configuration Debug for project cameratest ****
make all 
Building file: ../src/cameratest.c
Invoking: ARM v7 Linux gcc compiler
arm-linux-gnueabihf-gcc -Wall -O0 -g3 -I"/home/catabit/Zybo/plvideotest/build/tmp/sysroots/plnx_arm/usr/include" -I"/home/catabit/.opt/petalinux/tools/linux-i386/gcc-arm-linux-gnueabi/arm-linux-gnueabihf/include" -I"/home/catabit/.opt/petalinux/tools/linux-i386/gcc-arm-linux-gnueabi/arm-linux-gnueabihf/libc/usr/include" -I"/home/catabit/.opt/petalinux/tools/linux-i386/gcc-arm-linux-gnueabi/lib/gcc/arm-linux-gnueabihf/6.2.1/include" -I"/home/catabit/.opt/petalinux/tools/linux-i386/gcc-arm-linux-gnueabi/lib/gcc/arm-linux-gnueabihf/6.2.1/include-fixed" -c -fmessage-length=0 -MT"src/cameratest.o" -MMD -MP -MF"src/cameratest.d" -MT"src/cameratest.o" -o "src/cameratest.o" "../src/cameratest.c"
In file included from ../src/cameratest.c:19:0:
../src/cameraiic.h: In function ‘cameraInit’:
../src/cameraiic.h:507:19: warning: passing argument 2 of ‘writeConfig’ discards ‘const’ qualifier from pointer target type [-Wdiscarded-array-qualifiers]
  writeConfig(fd,  cfg_init_);
                   ^~~~~~~~~
../src/cameraiic.h:465:6: note: expected ‘uint16_t (*)[2] {aka short unsigned int (*)[2]}’ but argument is of type ‘const uint16_t (*)[2] {aka const short unsigned int (*)[2]}’
 void writeConfig(int fd, uint16_t config[][2]) {
      ^~~~~~~~~~~
../src/cameraiic.h:511:18: warning: passing argument 2 of ‘writeConfig’ discards ‘const’ qualifier from pointer target type [-Wdiscarded-array-qualifiers]
  writeConfig(fd, cfg_720p_60fps_);
                  ^~~~~~~~~~~~~~~
../src/cameraiic.h:465:6: note: expected ‘uint16_t (*)[2] {aka short unsigned int (*)[2]}’ but argument is of type ‘const uint16_t (*)[2] {aka const short unsigned int (*)[2]}’
 void writeConfig(int fd, uint16_t config[][2]) {
      ^~~~~~~~~~~
../src/cameraiic.h:515:18: warning: passing argument 2 of ‘writeConfig’ discards ‘const’ qualifier from pointer target type [-Wdiscarded-array-qualifiers]
  writeConfig(fd, cfg_advanced_awb_);
                  ^~~~~~~~~~~~~~~~~
../src/cameraiic.h:465:6: note: expected ‘uint16_t (*)[2] {aka short unsigned int (*)[2]}’ but argument is of type ‘const uint16_t (*)[2] {aka const short unsigned int (*)[2]}’
 void writeConfig(int fd, uint16_t config[][2]) {
      ^~~~~~~~~~~
../src/cameratest.c: In function ‘vdma_setup’:
../src/cameratest.c:125:32: warning: assignment makes pointer from integer without a cast [-Wint-conversion]
     handle->fb1PhysicalAddress = fb1Addr;
                                ^
../src/cameratest.c:132:32: warning: assignment makes pointer from integer without a cast [-Wint-conversion]
     handle->fb2PhysicalAddress = fb2Addr;
                                ^
../src/cameratest.c:139:32: warning: assignment makes pointer from integer without a cast [-Wint-conversion]
     handle->fb3PhysicalAddress = fb3Addr;
                                ^
../src/cameratest.c: In function ‘vdma_start_triple_buffering’:
../src/cameratest.c:239:53: warning: passing argument 3 of ‘vdma_set’ makes integer from pointer without a cast [-Wint-conversion]
     vdma_set(handle, OFFSET_VDMA_S2MM_FRAMEBUFFER1, handle->fb1PhysicalAddress);
                                                     ^~~~~~
../src/cameratest.c:108:6: note: expected ‘unsigned int’ but argument is of type ‘unsigned char *’
 void vdma_set(vdma_handle *handle, int num, unsigned int val) {
      ^~~~~~~~
../src/cameratest.c:241:53: warning: passing argument 3 of ‘vdma_set’ makes integer from pointer without a cast [-Wint-conversion]
     vdma_set(handle, OFFSET_VDMA_S2MM_FRAMEBUFFER2, handle->fb2PhysicalAddress);
                                                     ^~~~~~
../src/cameratest.c:108:6: note: expected ‘unsigned int’ but argument is of type ‘unsigned char *’
 void vdma_set(vdma_handle *handle, int num, unsigned int val) {
      ^~~~~~~~
../src/cameratest.c:243:53: warning: passing argument 3 of ‘vdma_set’ makes integer from pointer without a cast [-Wint-conversion]
     vdma_set(handle, OFFSET_VDMA_S2MM_FRAMEBUFFER3, handle->fb3PhysicalAddress);
                                                     ^~~~~~
../src/cameratest.c:108:6: note: expected ‘unsigned int’ but argument is of type ‘unsigned char *’
 void vdma_set(vdma_handle *handle, int num, unsigned int val) {
      ^~~~~~~~
Finished building: ../src/cameratest.c
 
Building target: cameratest.elf
Invoking: ARM v7 Linux gcc linker
arm-linux-gnueabihf-gcc -L"/home/catabit/Zybo/plvideotest/build/tmp/sysroots/plnx_arm/usr/lib" -L"/home/catabit/Zybo/plvideotest/build/tmp/sysroots/plnx_arm/lib" --sysroot="/home/catabit/Zybo/plvideotest/build/tmp/sysroots/plnx_arm" -o "cameratest.elf"  ./src/cameratest.o   -luiotools
Finished building target: cameratest.elf
 
Invoking: ARM v7 Linux Print Size
arm-linux-gnueabihf-size cameratest.elf  |tee "cameratest.elf.size"
   text	   data	    bss	    dec	    hex	filename
   8560	    362	      2	   8924	   22dc	cameratest.elf
Finished building: cameratest.elf.size
 
12:38:21 **** Auto Build of configuration Debug for project cameratest ****
make all 
Building file: ../src/cameratest.c
Invoking: ARM v7 Linux gcc compiler
arm-linux-gnueabihf-gcc -Wall -O0 -g3 -I"/home/catabit/Zybo/plvideotest/build/tmp/sysroots/plnx_arm/usr/include" -I"/home/catabit/.opt/petalinux/tools/linux-i386/gcc-arm-linux-gnueabi/arm-linux-gnueabihf/include" -I"/home/catabit/.opt/petalinux/tools/linux-i386/gcc-arm-linux-gnueabi/arm-linux-gnueabihf/libc/usr/include" -I"/home/catabit/.opt/petalinux/tools/linux-i386/gcc-arm-linux-gnueabi/lib/gcc/arm-linux-gnueabihf/6.2.1/include" -I"/home/catabit/.opt/petalinux/tools/linux-i386/gcc-arm-linux-gnueabi/lib/gcc/arm-linux-gnueabihf/6.2.1/include-fixed" -c -fmessage-length=0 -MT"src/cameratest.o" -MMD -MP -MF"src/cameratest.d" -MT"src/cameratest.o" -o "src/cameratest.o" "../src/cameratest.c"
In file included from ../src/cameratest.c:19:0:
../src/cameraiic.h: In function ‘cameraInit’:
../src/cameraiic.h:507:19: warning: passing argument 2 of ‘writeConfig’ discards ‘const’ qualifier from pointer target type [-Wdiscarded-array-qualifiers]
  writeConfig(fd,  cfg_init_);
                   ^~~~~~~~~
../src/cameraiic.h:465:6: note: expected ‘uint16_t (*)[2] {aka short unsigned int (*)[2]}’ but argument is of type ‘const uint16_t (*)[2] {aka const short unsigned int (*)[2]}’
 void writeConfig(int fd, uint16_t config[][2]) {
      ^~~~~~~~~~~
../src/cameraiic.h:511:18: warning: passing argument 2 of ‘writeConfig’ discards ‘const’ qualifier from pointer target type [-Wdiscarded-array-qualifiers]
  writeConfig(fd, cfg_720p_60fps_);
                  ^~~~~~~~~~~~~~~
../src/cameraiic.h:465:6: note: expected ‘uint16_t (*)[2] {aka short unsigned int (*)[2]}’ but argument is of type ‘const uint16_t (*)[2] {aka const short unsigned int (*)[2]}’
 void writeConfig(int fd, uint16_t config[][2]) {
      ^~~~~~~~~~~
../src/cameraiic.h:515:18: warning: passing argument 2 of ‘writeConfig’ discards ‘const’ qualifier from pointer target type [-Wdiscarded-array-qualifiers]
  writeConfig(fd, cfg_advanced_awb_);
                  ^~~~~~~~~~~~~~~~~
../src/cameraiic.h:465:6: note: expected ‘uint16_t (*)[2] {aka short unsigned int (*)[2]}’ but argument is of type ‘const uint16_t (*)[2] {aka const short unsigned int (*)[2]}’
 void writeConfig(int fd, uint16_t config[][2]) {
      ^~~~~~~~~~~
../src/cameratest.c: In function ‘vdma_setup’:
../src/cameratest.c:125:32: warning: assignment makes pointer from integer without a cast [-Wint-conversion]
     handle->fb1PhysicalAddress = fb1Addr;
                                ^
../src/cameratest.c:132:32: warning: assignment makes pointer from integer without a cast [-Wint-conversion]
     handle->fb2PhysicalAddress = fb2Addr;
                                ^
../src/cameratest.c:139:32: warning: assignment makes pointer from integer without a cast [-Wint-conversion]
     handle->fb3PhysicalAddress = fb3Addr;
                                ^
../src/cameratest.c: In function ‘vdma_start_triple_buffering’:
../src/cameratest.c:239:53: warning: passing argument 3 of ‘vdma_set’ makes integer from pointer without a cast [-Wint-conversion]
     vdma_set(handle, OFFSET_VDMA_S2MM_FRAMEBUFFER1, handle->fb1PhysicalAddress);
                                                     ^~~~~~
../src/cameratest.c:108:6: note: expected ‘unsigned int’ but argument is of type ‘unsigned char *’
 void vdma_set(vdma_handle *handle, int num, unsigned int val) {
      ^~~~~~~~
../src/cameratest.c:241:53: warning: passing argument 3 of ‘vdma_set’ makes integer from pointer without a cast [-Wint-conversion]
     vdma_set(handle, OFFSET_VDMA_S2MM_FRAMEBUFFER2, handle->fb2PhysicalAddress);
                                                     ^~~~~~
../src/cameratest.c:108:6: note: expected ‘unsigned int’ but argument is of type ‘unsigned char *’
 void vdma_set(vdma_handle *handle, int num, unsigned int val) {
      ^~~~~~~~
../src/cameratest.c:243:53: warning: passing argument 3 of ‘vdma_set’ makes integer from pointer without a cast [-Wint-conversion]
     vdma_set(handle, OFFSET_VDMA_S2MM_FRAMEBUFFER3, handle->fb3PhysicalAddress);
                                                     ^~~~~~
../src/cameratest.c:108:6: note: expected ‘unsigned int’ but argument is of type ‘unsigned char *’
 void vdma_set(vdma_handle *handle, int num, unsigned int val) {
      ^~~~~~~~
Finished building: ../src/cameratest.c
 
Building target: cameratest.elf
Invoking: ARM v7 Linux gcc linker
arm-linux-gnueabihf-gcc -L"/home/catabit/Zybo/plvideotest/build/tmp/sysroots/plnx_arm/usr/lib" -L"/home/catabit/Zybo/plvideotest/build/tmp/sysroots/plnx_arm/lib" --sysroot="/home/catabit/Zybo/plvideotest/build/tmp/sysroots/plnx_arm" -o "cameratest.elf"  ./src/cameratest.o   -luiotools
Finished building target: cameratest.elf
 
Invoking: ARM v7 Linux Print Size
arm-linux-gnueabihf-size cameratest.elf  |tee "cameratest.elf.size"
   text	   data	    bss	    dec	    hex	filename
   8560	    362	      2	   8924	   22dc	cameratest.elf
Finished building: cameratest.elf.size
 
12:44:36 **** Auto Build of configuration Debug for project cameratest ****
make all 
Building file: ../src/cameratest.c
Invoking: ARM v7 Linux gcc compiler
arm-linux-gnueabihf-gcc -Wall -O0 -g3 -I"/home/catabit/Zybo/plvideotest/build/tmp/sysroots/plnx_arm/usr/include" -I"/home/catabit/.opt/petalinux/tools/linux-i386/gcc-arm-linux-gnueabi/arm-linux-gnueabihf/include" -I"/home/catabit/.opt/petalinux/tools/linux-i386/gcc-arm-linux-gnueabi/arm-linux-gnueabihf/libc/usr/include" -I"/home/catabit/.opt/petalinux/tools/linux-i386/gcc-arm-linux-gnueabi/lib/gcc/arm-linux-gnueabihf/6.2.1/include" -I"/home/catabit/.opt/petalinux/tools/linux-i386/gcc-arm-linux-gnueabi/lib/gcc/arm-linux-gnueabihf/6.2.1/include-fixed" -c -fmessage-length=0 -MT"src/cameratest.o" -MMD -MP -MF"src/cameratest.d" -MT"src/cameratest.o" -o "src/cameratest.o" "../src/cameratest.c"
In file included from ../src/cameratest.c:19:0:
../src/cameraiic.h: In function ‘cameraInit’:
../src/cameraiic.h:507:19: warning: passing argument 2 of ‘writeConfig’ discards ‘const’ qualifier from pointer target type [-Wdiscarded-array-qualifiers]
  writeConfig(fd,  cfg_init_);
                   ^~~~~~~~~
../src/cameraiic.h:465:6: note: expected ‘uint16_t (*)[2] {aka short unsigned int (*)[2]}’ but argument is of type ‘const uint16_t (*)[2] {aka const short unsigned int (*)[2]}’
 void writeConfig(int fd, uint16_t config[][2]) {
      ^~~~~~~~~~~
../src/cameraiic.h:511:18: warning: passing argument 2 of ‘writeConfig’ discards ‘const’ qualifier from pointer target type [-Wdiscarded-array-qualifiers]
  writeConfig(fd, cfg_720p_60fps_);
                  ^~~~~~~~~~~~~~~
../src/cameraiic.h:465:6: note: expected ‘uint16_t (*)[2] {aka short unsigned int (*)[2]}’ but argument is of type ‘const uint16_t (*)[2] {aka const short unsigned int (*)[2]}’
 void writeConfig(int fd, uint16_t config[][2]) {
      ^~~~~~~~~~~
../src/cameraiic.h:515:18: warning: passing argument 2 of ‘writeConfig’ discards ‘const’ qualifier from pointer target type [-Wdiscarded-array-qualifiers]
  writeConfig(fd, cfg_advanced_awb_);
                  ^~~~~~~~~~~~~~~~~
../src/cameraiic.h:465:6: note: expected ‘uint16_t (*)[2] {aka short unsigned int (*)[2]}’ but argument is of type ‘const uint16_t (*)[2] {aka const short unsigned int (*)[2]}’
 void writeConfig(int fd, uint16_t config[][2]) {
      ^~~~~~~~~~~
../src/cameratest.c: In function ‘vdma_setup’:
../src/cameratest.c:125:32: warning: assignment makes pointer from integer without a cast [-Wint-conversion]
     handle->fb1PhysicalAddress = fb1Addr;
                                ^
../src/cameratest.c:132:32: warning: assignment makes pointer from integer without a cast [-Wint-conversion]
     handle->fb2PhysicalAddress = fb2Addr;
                                ^
../src/cameratest.c:139:32: warning: assignment makes pointer from integer without a cast [-Wint-conversion]
     handle->fb3PhysicalAddress = fb3Addr;
                                ^
../src/cameratest.c: In function ‘vdma_start_triple_buffering’:
../src/cameratest.c:239:53: warning: passing argument 3 of ‘vdma_set’ makes integer from pointer without a cast [-Wint-conversion]
     vdma_set(handle, OFFSET_VDMA_S2MM_FRAMEBUFFER1, handle->fb1PhysicalAddress);
                                                     ^~~~~~
../src/cameratest.c:108:6: note: expected ‘unsigned int’ but argument is of type ‘unsigned char *’
 void vdma_set(vdma_handle *handle, int num, unsigned int val) {
      ^~~~~~~~
../src/cameratest.c:241:53: warning: passing argument 3 of ‘vdma_set’ makes integer from pointer without a cast [-Wint-conversion]
     vdma_set(handle, OFFSET_VDMA_S2MM_FRAMEBUFFER2, handle->fb2PhysicalAddress);
                                                     ^~~~~~
../src/cameratest.c:108:6: note: expected ‘unsigned int’ but argument is of type ‘unsigned char *’
 void vdma_set(vdma_handle *handle, int num, unsigned int val) {
      ^~~~~~~~
../src/cameratest.c:243:53: warning: passing argument 3 of ‘vdma_set’ makes integer from pointer without a cast [-Wint-conversion]
     vdma_set(handle, OFFSET_VDMA_S2MM_FRAMEBUFFER3, handle->fb3PhysicalAddress);
                                                     ^~~~~~
../src/cameratest.c:108:6: note: expected ‘unsigned int’ but argument is of type ‘unsigned char *’
 void vdma_set(vdma_handle *handle, int num, unsigned int val) {
      ^~~~~~~~
Finished building: ../src/cameratest.c
 
Building target: cameratest.elf
Invoking: ARM v7 Linux gcc linker
arm-linux-gnueabihf-gcc -L"/home/catabit/Zybo/plvideotest/build/tmp/sysroots/plnx_arm/usr/lib" -L"/home/catabit/Zybo/plvideotest/build/tmp/sysroots/plnx_arm/lib" --sysroot="/home/catabit/Zybo/plvideotest/build/tmp/sysroots/plnx_arm" -o "cameratest.elf"  ./src/cameratest.o   -luiotools
Finished building target: cameratest.elf
 
Invoking: ARM v7 Linux Print Size
arm-linux-gnueabihf-size cameratest.elf  |tee "cameratest.elf.size"
   text	   data	    bss	    dec	    hex	filename
   8560	    362	      2	   8924	   22dc	cameratest.elf
Finished building: cameratest.elf.size
 
12:58:37 **** Auto Build of configuration Debug for project cameratest ****
make all 
Building file: ../src/cameratest.c
Invoking: ARM v7 Linux gcc compiler
arm-linux-gnueabihf-gcc -Wall -O0 -g3 -I"/home/catabit/Zybo/plvideotest/build/tmp/sysroots/plnx_arm/usr/include" -I"/home/catabit/.opt/petalinux/tools/linux-i386/gcc-arm-linux-gnueabi/arm-linux-gnueabihf/include" -I"/home/catabit/.opt/petalinux/tools/linux-i386/gcc-arm-linux-gnueabi/arm-linux-gnueabihf/libc/usr/include" -I"/home/catabit/.opt/petalinux/tools/linux-i386/gcc-arm-linux-gnueabi/lib/gcc/arm-linux-gnueabihf/6.2.1/include" -I"/home/catabit/.opt/petalinux/tools/linux-i386/gcc-arm-linux-gnueabi/lib/gcc/arm-linux-gnueabihf/6.2.1/include-fixed" -c -fmessage-length=0 -MT"src/cameratest.o" -MMD -MP -MF"src/cameratest.d" -MT"src/cameratest.o" -o "src/cameratest.o" "../src/cameratest.c"
In file included from ../src/cameratest.c:19:0:
../src/cameraiic.h: In function ‘cameraInit’:
../src/cameraiic.h:505:19: warning: passing argument 2 of ‘writeConfig’ discards ‘const’ qualifier from pointer target type [-Wdiscarded-array-qualifiers]
  writeConfig(fd,  cfg_init_);
                   ^~~~~~~~~
../src/cameraiic.h:463:6: note: expected ‘uint16_t (*)[2] {aka short unsigned int (*)[2]}’ but argument is of type ‘const uint16_t (*)[2] {aka const short unsigned int (*)[2]}’
 void writeConfig(int fd, uint16_t config[][2]) {
      ^~~~~~~~~~~
../src/cameraiic.h:509:18: warning: passing argument 2 of ‘writeConfig’ discards ‘const’ qualifier from pointer target type [-Wdiscarded-array-qualifiers]
  writeConfig(fd, cfg_720p_60fps_);
                  ^~~~~~~~~~~~~~~
../src/cameraiic.h:463:6: note: expected ‘uint16_t (*)[2] {aka short unsigned int (*)[2]}’ but argument is of type ‘const uint16_t (*)[2] {aka const short unsigned int (*)[2]}’
 void writeConfig(int fd, uint16_t config[][2]) {
      ^~~~~~~~~~~
../src/cameraiic.h:513:18: warning: passing argument 2 of ‘writeConfig’ discards ‘const’ qualifier from pointer target type [-Wdiscarded-array-qualifiers]
  writeConfig(fd, cfg_advanced_awb_);
                  ^~~~~~~~~~~~~~~~~
../src/cameraiic.h:463:6: note: expected ‘uint16_t (*)[2] {aka short unsigned int (*)[2]}’ but argument is of type ‘const uint16_t (*)[2] {aka const short unsigned int (*)[2]}’
 void writeConfig(int fd, uint16_t config[][2]) {
      ^~~~~~~~~~~
../src/cameratest.c: In function ‘vdma_setup’:
../src/cameratest.c:125:32: warning: assignment makes pointer from integer without a cast [-Wint-conversion]
     handle->fb1PhysicalAddress = fb1Addr;
                                ^
../src/cameratest.c:132:32: warning: assignment makes pointer from integer without a cast [-Wint-conversion]
     handle->fb2PhysicalAddress = fb2Addr;
                                ^
../src/cameratest.c:139:32: warning: assignment makes pointer from integer without a cast [-Wint-conversion]
     handle->fb3PhysicalAddress = fb3Addr;
                                ^
../src/cameratest.c: In function ‘vdma_start_triple_buffering’:
../src/cameratest.c:239:53: warning: passing argument 3 of ‘vdma_set’ makes integer from pointer without a cast [-Wint-conversion]
     vdma_set(handle, OFFSET_VDMA_S2MM_FRAMEBUFFER1, handle->fb1PhysicalAddress);
                                                     ^~~~~~
../src/cameratest.c:108:6: note: expected ‘unsigned int’ but argument is of type ‘unsigned char *’
 void vdma_set(vdma_handle *handle, int num, unsigned int val) {
      ^~~~~~~~
../src/cameratest.c:241:53: warning: passing argument 3 of ‘vdma_set’ makes integer from pointer without a cast [-Wint-conversion]
     vdma_set(handle, OFFSET_VDMA_S2MM_FRAMEBUFFER2, handle->fb2PhysicalAddress);
                                                     ^~~~~~
../src/cameratest.c:108:6: note: expected ‘unsigned int’ but argument is of type ‘unsigned char *’
 void vdma_set(vdma_handle *handle, int num, unsigned int val) {
      ^~~~~~~~
../src/cameratest.c:243:53: warning: passing argument 3 of ‘vdma_set’ makes integer from pointer without a cast [-Wint-conversion]
     vdma_set(handle, OFFSET_VDMA_S2MM_FRAMEBUFFER3, handle->fb3PhysicalAddress);
                                                     ^~~~~~
../src/cameratest.c:108:6: note: expected ‘unsigned int’ but argument is of type ‘unsigned char *’
 void vdma_set(vdma_handle *handle, int num, unsigned int val) {
      ^~~~~~~~
Finished building: ../src/cameratest.c
 
Building target: cameratest.elf
Invoking: ARM v7 Linux gcc linker
arm-linux-gnueabihf-gcc -L"/home/catabit/Zybo/plvideotest/build/tmp/sysroots/plnx_arm/usr/lib" -L"/home/catabit/Zybo/plvideotest/build/tmp/sysroots/plnx_arm/lib" --sysroot="/home/catabit/Zybo/plvideotest/build/tmp/sysroots/plnx_arm" -o "cameratest.elf"  ./src/cameratest.o   -luiotools
Finished building target: cameratest.elf
 
Invoking: ARM v7 Linux Print Size
arm-linux-gnueabihf-size cameratest.elf  |tee "cameratest.elf.size"
   text	   data	    bss	    dec	    hex	filename
   8560	    362	      2	   8924	   22dc	cameratest.elf
Finished building: cameratest.elf.size
 
13:01:38 **** Auto Build of configuration Debug for project cameratest ****
make all 
Building file: ../src/cameratest.c
Invoking: ARM v7 Linux gcc compiler
arm-linux-gnueabihf-gcc -Wall -O0 -g3 -I"/home/catabit/Zybo/plvideotest/build/tmp/sysroots/plnx_arm/usr/include" -I"/home/catabit/.opt/petalinux/tools/linux-i386/gcc-arm-linux-gnueabi/arm-linux-gnueabihf/include" -I"/home/catabit/.opt/petalinux/tools/linux-i386/gcc-arm-linux-gnueabi/arm-linux-gnueabihf/libc/usr/include" -I"/home/catabit/.opt/petalinux/tools/linux-i386/gcc-arm-linux-gnueabi/lib/gcc/arm-linux-gnueabihf/6.2.1/include" -I"/home/catabit/.opt/petalinux/tools/linux-i386/gcc-arm-linux-gnueabi/lib/gcc/arm-linux-gnueabihf/6.2.1/include-fixed" -c -fmessage-length=0 -MT"src/cameratest.o" -MMD -MP -MF"src/cameratest.d" -MT"src/cameratest.o" -o "src/cameratest.o" "../src/cameratest.c"
In file included from ../src/cameratest.c:19:0:
../src/cameraiic.h: In function ‘cameraInit’:
../src/cameraiic.h:504:19: warning: passing argument 2 of ‘writeConfig’ discards ‘const’ qualifier from pointer target type [-Wdiscarded-array-qualifiers]
  writeConfig(fd,  cfg_init_);
                   ^~~~~~~~~
../src/cameraiic.h:462:6: note: expected ‘uint16_t (*)[2] {aka short unsigned int (*)[2]}’ but argument is of type ‘const uint16_t (*)[2] {aka const short unsigned int (*)[2]}’
 void writeConfig(int fd, uint16_t config[][2]) {
      ^~~~~~~~~~~
../src/cameraiic.h:508:18: warning: passing argument 2 of ‘writeConfig’ discards ‘const’ qualifier from pointer target type [-Wdiscarded-array-qualifiers]
  writeConfig(fd, cfg_720p_60fps_);
                  ^~~~~~~~~~~~~~~
../src/cameraiic.h:462:6: note: expected ‘uint16_t (*)[2] {aka short unsigned int (*)[2]}’ but argument is of type ‘const uint16_t (*)[2] {aka const short unsigned int (*)[2]}’
 void writeConfig(int fd, uint16_t config[][2]) {
      ^~~~~~~~~~~
../src/cameraiic.h:512:18: warning: passing argument 2 of ‘writeConfig’ discards ‘const’ qualifier from pointer target type [-Wdiscarded-array-qualifiers]
  writeConfig(fd, cfg_advanced_awb_);
                  ^~~~~~~~~~~~~~~~~
../src/cameraiic.h:462:6: note: expected ‘uint16_t (*)[2] {aka short unsigned int (*)[2]}’ but argument is of type ‘const uint16_t (*)[2] {aka const short unsigned int (*)[2]}’
 void writeConfig(int fd, uint16_t config[][2]) {
      ^~~~~~~~~~~
../src/cameratest.c: In function ‘vdma_setup’:
../src/cameratest.c:125:32: warning: assignment makes pointer from integer without a cast [-Wint-conversion]
     handle->fb1PhysicalAddress = fb1Addr;
                                ^
../src/cameratest.c:132:32: warning: assignment makes pointer from integer without a cast [-Wint-conversion]
     handle->fb2PhysicalAddress = fb2Addr;
                                ^
../src/cameratest.c:139:32: warning: assignment makes pointer from integer without a cast [-Wint-conversion]
     handle->fb3PhysicalAddress = fb3Addr;
                                ^
../src/cameratest.c: In function ‘vdma_start_triple_buffering’:
../src/cameratest.c:239:53: warning: passing argument 3 of ‘vdma_set’ makes integer from pointer without a cast [-Wint-conversion]
     vdma_set(handle, OFFSET_VDMA_S2MM_FRAMEBUFFER1, handle->fb1PhysicalAddress);
                                                     ^~~~~~
../src/cameratest.c:108:6: note: expected ‘unsigned int’ but argument is of type ‘unsigned char *’
 void vdma_set(vdma_handle *handle, int num, unsigned int val) {
      ^~~~~~~~
../src/cameratest.c:241:53: warning: passing argument 3 of ‘vdma_set’ makes integer from pointer without a cast [-Wint-conversion]
     vdma_set(handle, OFFSET_VDMA_S2MM_FRAMEBUFFER2, handle->fb2PhysicalAddress);
                                                     ^~~~~~
../src/cameratest.c:108:6: note: expected ‘unsigned int’ but argument is of type ‘unsigned char *’
 void vdma_set(vdma_handle *handle, int num, unsigned int val) {
      ^~~~~~~~
../src/cameratest.c:243:53: warning: passing argument 3 of ‘vdma_set’ makes integer from pointer without a cast [-Wint-conversion]
     vdma_set(handle, OFFSET_VDMA_S2MM_FRAMEBUFFER3, handle->fb3PhysicalAddress);
                                                     ^~~~~~
../src/cameratest.c:108:6: note: expected ‘unsigned int’ but argument is of type ‘unsigned char *’
 void vdma_set(vdma_handle *handle, int num, unsigned int val) {
      ^~~~~~~~
Finished building: ../src/cameratest.c
 
Building target: cameratest.elf
Invoking: ARM v7 Linux gcc linker
arm-linux-gnueabihf-gcc -L"/home/catabit/Zybo/plvideotest/build/tmp/sysroots/plnx_arm/usr/lib" -L"/home/catabit/Zybo/plvideotest/build/tmp/sysroots/plnx_arm/lib" --sysroot="/home/catabit/Zybo/plvideotest/build/tmp/sysroots/plnx_arm" -o "cameratest.elf"  ./src/cameratest.o   -luiotools
Finished building target: cameratest.elf
 
Invoking: ARM v7 Linux Print Size
arm-linux-gnueabihf-size cameratest.elf  |tee "cameratest.elf.size"
   text	   data	    bss	    dec	    hex	filename
   8560	    362	      2	   8924	   22dc	cameratest.elf
Finished building: cameratest.elf.size
 
13:02:57 **** Auto Build of configuration Debug for project cameratest ****
make all 
Building file: ../src/cameratest.c
Invoking: ARM v7 Linux gcc compiler
arm-linux-gnueabihf-gcc -Wall -O0 -g3 -I"/home/catabit/Zybo/plvideotest/build/tmp/sysroots/plnx_arm/usr/include" -I"/home/catabit/.opt/petalinux/tools/linux-i386/gcc-arm-linux-gnueabi/arm-linux-gnueabihf/include" -I"/home/catabit/.opt/petalinux/tools/linux-i386/gcc-arm-linux-gnueabi/arm-linux-gnueabihf/libc/usr/include" -I"/home/catabit/.opt/petalinux/tools/linux-i386/gcc-arm-linux-gnueabi/lib/gcc/arm-linux-gnueabihf/6.2.1/include" -I"/home/catabit/.opt/petalinux/tools/linux-i386/gcc-arm-linux-gnueabi/lib/gcc/arm-linux-gnueabihf/6.2.1/include-fixed" -c -fmessage-length=0 -MT"src/cameratest.o" -MMD -MP -MF"src/cameratest.d" -MT"src/cameratest.o" -o "src/cameratest.o" "../src/cameratest.c"
In file included from ../src/cameratest.c:19:0:
../src/cameraiic.h: In function ‘cameraInit’:
../src/cameraiic.h:504:19: warning: passing argument 2 of ‘writeConfig’ discards ‘const’ qualifier from pointer target type [-Wdiscarded-array-qualifiers]
  writeConfig(fd,  cfg_init_);
                   ^~~~~~~~~
../src/cameraiic.h:462:6: note: expected ‘uint16_t (*)[2] {aka short unsigned int (*)[2]}’ but argument is of type ‘const uint16_t (*)[2] {aka const short unsigned int (*)[2]}’
 void writeConfig(int fd, uint16_t config[][2]) {
      ^~~~~~~~~~~
../src/cameraiic.h:508:18: warning: passing argument 2 of ‘writeConfig’ discards ‘const’ qualifier from pointer target type [-Wdiscarded-array-qualifiers]
  writeConfig(fd, cfg_720p_60fps_);
                  ^~~~~~~~~~~~~~~
../src/cameraiic.h:462:6: note: expected ‘uint16_t (*)[2] {aka short unsigned int (*)[2]}’ but argument is of type ‘const uint16_t (*)[2] {aka const short unsigned int (*)[2]}’
 void writeConfig(int fd, uint16_t config[][2]) {
      ^~~~~~~~~~~
../src/cameraiic.h:512:18: warning: passing argument 2 of ‘writeConfig’ discards ‘const’ qualifier from pointer target type [-Wdiscarded-array-qualifiers]
  writeConfig(fd, cfg_advanced_awb_);
                  ^~~~~~~~~~~~~~~~~
../src/cameraiic.h:462:6: note: expected ‘uint16_t (*)[2] {aka short unsigned int (*)[2]}’ but argument is of type ‘const uint16_t (*)[2] {aka const short unsigned int (*)[2]}’
 void writeConfig(int fd, uint16_t config[][2]) {
      ^~~~~~~~~~~
../src/cameratest.c: In function ‘vdma_setup’:
../src/cameratest.c:125:32: warning: assignment makes pointer from integer without a cast [-Wint-conversion]
     handle->fb1PhysicalAddress = fb1Addr;
                                ^
../src/cameratest.c:132:32: warning: assignment makes pointer from integer without a cast [-Wint-conversion]
     handle->fb2PhysicalAddress = fb2Addr;
                                ^
../src/cameratest.c:139:32: warning: assignment makes pointer from integer without a cast [-Wint-conversion]
     handle->fb3PhysicalAddress = fb3Addr;
                                ^
../src/cameratest.c: In function ‘vdma_start_triple_buffering’:
../src/cameratest.c:239:53: warning: passing argument 3 of ‘vdma_set’ makes integer from pointer without a cast [-Wint-conversion]
     vdma_set(handle, OFFSET_VDMA_S2MM_FRAMEBUFFER1, handle->fb1PhysicalAddress);
                                                     ^~~~~~
../src/cameratest.c:108:6: note: expected ‘unsigned int’ but argument is of type ‘unsigned char *’
 void vdma_set(vdma_handle *handle, int num, unsigned int val) {
      ^~~~~~~~
../src/cameratest.c:241:53: warning: passing argument 3 of ‘vdma_set’ makes integer from pointer without a cast [-Wint-conversion]
     vdma_set(handle, OFFSET_VDMA_S2MM_FRAMEBUFFER2, handle->fb2PhysicalAddress);
                                                     ^~~~~~
../src/cameratest.c:108:6: note: expected ‘unsigned int’ but argument is of type ‘unsigned char *’
 void vdma_set(vdma_handle *handle, int num, unsigned int val) {
      ^~~~~~~~
../src/cameratest.c:243:53: warning: passing argument 3 of ‘vdma_set’ makes integer from pointer without a cast [-Wint-conversion]
     vdma_set(handle, OFFSET_VDMA_S2MM_FRAMEBUFFER3, handle->fb3PhysicalAddress);
                                                     ^~~~~~
../src/cameratest.c:108:6: note: expected ‘unsigned int’ but argument is of type ‘unsigned char *’
 void vdma_set(vdma_handle *handle, int num, unsigned int val) {
      ^~~~~~~~
Finished building: ../src/cameratest.c
 
Building target: cameratest.elf
Invoking: ARM v7 Linux gcc linker
arm-linux-gnueabihf-gcc -L"/home/catabit/Zybo/plvideotest/build/tmp/sysroots/plnx_arm/usr/lib" -L"/home/catabit/Zybo/plvideotest/build/tmp/sysroots/plnx_arm/lib" --sysroot="/home/catabit/Zybo/plvideotest/build/tmp/sysroots/plnx_arm" -o "cameratest.elf"  ./src/cameratest.o   -luiotools
Finished building target: cameratest.elf
 
Invoking: ARM v7 Linux Print Size
arm-linux-gnueabihf-size cameratest.elf  |tee "cameratest.elf.size"
   text	   data	    bss	    dec	    hex	filename
   8568	    362	      2	   8932	   22e4	cameratest.elf
Finished building: cameratest.elf.size
 
13:03:01 **** Auto Build of configuration Debug for project cameratest ****
make all 
Building file: ../src/cameratest.c
Invoking: ARM v7 Linux gcc compiler
arm-linux-gnueabihf-gcc -Wall -O0 -g3 -I"/home/catabit/Zybo/plvideotest/build/tmp/sysroots/plnx_arm/usr/include" -I"/home/catabit/.opt/petalinux/tools/linux-i386/gcc-arm-linux-gnueabi/arm-linux-gnueabihf/include" -I"/home/catabit/.opt/petalinux/tools/linux-i386/gcc-arm-linux-gnueabi/arm-linux-gnueabihf/libc/usr/include" -I"/home/catabit/.opt/petalinux/tools/linux-i386/gcc-arm-linux-gnueabi/lib/gcc/arm-linux-gnueabihf/6.2.1/include" -I"/home/catabit/.opt/petalinux/tools/linux-i386/gcc-arm-linux-gnueabi/lib/gcc/arm-linux-gnueabihf/6.2.1/include-fixed" -c -fmessage-length=0 -MT"src/cameratest.o" -MMD -MP -MF"src/cameratest.d" -MT"src/cameratest.o" -o "src/cameratest.o" "../src/cameratest.c"
In file included from ../src/cameratest.c:19:0:
../src/cameraiic.h: In function ‘cameraInit’:
../src/cameraiic.h:504:19: warning: passing argument 2 of ‘writeConfig’ discards ‘const’ qualifier from pointer target type [-Wdiscarded-array-qualifiers]
  writeConfig(fd,  cfg_init_);
                   ^~~~~~~~~
../src/cameraiic.h:462:6: note: expected ‘uint16_t (*)[2] {aka short unsigned int (*)[2]}’ but argument is of type ‘const uint16_t (*)[2] {aka const short unsigned int (*)[2]}’
 void writeConfig(int fd, uint16_t config[][2]) {
      ^~~~~~~~~~~
../src/cameraiic.h:508:18: warning: passing argument 2 of ‘writeConfig’ discards ‘const’ qualifier from pointer target type [-Wdiscarded-array-qualifiers]
  writeConfig(fd, cfg_720p_60fps_);
                  ^~~~~~~~~~~~~~~
../src/cameraiic.h:462:6: note: expected ‘uint16_t (*)[2] {aka short unsigned int (*)[2]}’ but argument is of type ‘const uint16_t (*)[2] {aka const short unsigned int (*)[2]}’
 void writeConfig(int fd, uint16_t config[][2]) {
      ^~~~~~~~~~~
../src/cameraiic.h:512:18: warning: passing argument 2 of ‘writeConfig’ discards ‘const’ qualifier from pointer target type [-Wdiscarded-array-qualifiers]
  writeConfig(fd, cfg_advanced_awb_);
                  ^~~~~~~~~~~~~~~~~
../src/cameraiic.h:462:6: note: expected ‘uint16_t (*)[2] {aka short unsigned int (*)[2]}’ but argument is of type ‘const uint16_t (*)[2] {aka const short unsigned int (*)[2]}’
 void writeConfig(int fd, uint16_t config[][2]) {
      ^~~~~~~~~~~
../src/cameratest.c: In function ‘vdma_setup’:
../src/cameratest.c:125:32: warning: assignment makes pointer from integer without a cast [-Wint-conversion]
     handle->fb1PhysicalAddress = fb1Addr;
                                ^
../src/cameratest.c:132:32: warning: assignment makes pointer from integer without a cast [-Wint-conversion]
     handle->fb2PhysicalAddress = fb2Addr;
                                ^
../src/cameratest.c:139:32: warning: assignment makes pointer from integer without a cast [-Wint-conversion]
     handle->fb3PhysicalAddress = fb3Addr;
                                ^
../src/cameratest.c: In function ‘vdma_start_triple_buffering’:
../src/cameratest.c:239:53: warning: passing argument 3 of ‘vdma_set’ makes integer from pointer without a cast [-Wint-conversion]
     vdma_set(handle, OFFSET_VDMA_S2MM_FRAMEBUFFER1, handle->fb1PhysicalAddress);
                                                     ^~~~~~
../src/cameratest.c:108:6: note: expected ‘unsigned int’ but argument is of type ‘unsigned char *’
 void vdma_set(vdma_handle *handle, int num, unsigned int val) {
      ^~~~~~~~
../src/cameratest.c:241:53: warning: passing argument 3 of ‘vdma_set’ makes integer from pointer without a cast [-Wint-conversion]
     vdma_set(handle, OFFSET_VDMA_S2MM_FRAMEBUFFER2, handle->fb2PhysicalAddress);
                                                     ^~~~~~
../src/cameratest.c:108:6: note: expected ‘unsigned int’ but argument is of type ‘unsigned char *’
 void vdma_set(vdma_handle *handle, int num, unsigned int val) {
      ^~~~~~~~
../src/cameratest.c:243:53: warning: passing argument 3 of ‘vdma_set’ makes integer from pointer without a cast [-Wint-conversion]
     vdma_set(handle, OFFSET_VDMA_S2MM_FRAMEBUFFER3, handle->fb3PhysicalAddress);
                                                     ^~~~~~
../src/cameratest.c:108:6: note: expected ‘unsigned int’ but argument is of type ‘unsigned char *’
 void vdma_set(vdma_handle *handle, int num, unsigned int val) {
      ^~~~~~~~
Finished building: ../src/cameratest.c
 
Building target: cameratest.elf
Invoking: ARM v7 Linux gcc linker
arm-linux-gnueabihf-gcc -L"/home/catabit/Zybo/plvideotest/build/tmp/sysroots/plnx_arm/usr/lib" -L"/home/catabit/Zybo/plvideotest/build/tmp/sysroots/plnx_arm/lib" --sysroot="/home/catabit/Zybo/plvideotest/build/tmp/sysroots/plnx_arm" -o "cameratest.elf"  ./src/cameratest.o   -luiotools
Finished building target: cameratest.elf
 
Invoking: ARM v7 Linux Print Size
arm-linux-gnueabihf-size cameratest.elf  |tee "cameratest.elf.size"
   text	   data	    bss	    dec	    hex	filename
   8580	    362	      2	   8944	   22f0	cameratest.elf
Finished building: cameratest.elf.size
 
13:03:07 **** Auto Build of configuration Debug for project cameratest ****
make all 
Building file: ../src/cameratest.c
Invoking: ARM v7 Linux gcc compiler
arm-linux-gnueabihf-gcc -Wall -O0 -g3 -I"/home/catabit/Zybo/plvideotest/build/tmp/sysroots/plnx_arm/usr/include" -I"/home/catabit/.opt/petalinux/tools/linux-i386/gcc-arm-linux-gnueabi/arm-linux-gnueabihf/include" -I"/home/catabit/.opt/petalinux/tools/linux-i386/gcc-arm-linux-gnueabi/arm-linux-gnueabihf/libc/usr/include" -I"/home/catabit/.opt/petalinux/tools/linux-i386/gcc-arm-linux-gnueabi/lib/gcc/arm-linux-gnueabihf/6.2.1/include" -I"/home/catabit/.opt/petalinux/tools/linux-i386/gcc-arm-linux-gnueabi/lib/gcc/arm-linux-gnueabihf/6.2.1/include-fixed" -c -fmessage-length=0 -MT"src/cameratest.o" -MMD -MP -MF"src/cameratest.d" -MT"src/cameratest.o" -o "src/cameratest.o" "../src/cameratest.c"
In file included from ../src/cameratest.c:19:0:
../src/cameraiic.h: In function ‘cameraInit’:
../src/cameraiic.h:504:19: warning: passing argument 2 of ‘writeConfig’ discards ‘const’ qualifier from pointer target type [-Wdiscarded-array-qualifiers]
  writeConfig(fd,  cfg_init_);
                   ^~~~~~~~~
../src/cameraiic.h:462:6: note: expected ‘uint16_t (*)[2] {aka short unsigned int (*)[2]}’ but argument is of type ‘const uint16_t (*)[2] {aka const short unsigned int (*)[2]}’
 void writeConfig(int fd, uint16_t config[][2]) {
      ^~~~~~~~~~~
../src/cameraiic.h:508:18: warning: passing argument 2 of ‘writeConfig’ discards ‘const’ qualifier from pointer target type [-Wdiscarded-array-qualifiers]
  writeConfig(fd, cfg_720p_60fps_);
                  ^~~~~~~~~~~~~~~
../src/cameraiic.h:462:6: note: expected ‘uint16_t (*)[2] {aka short unsigned int (*)[2]}’ but argument is of type ‘const uint16_t (*)[2] {aka const short unsigned int (*)[2]}’
 void writeConfig(int fd, uint16_t config[][2]) {
      ^~~~~~~~~~~
../src/cameraiic.h:512:18: warning: passing argument 2 of ‘writeConfig’ discards ‘const’ qualifier from pointer target type [-Wdiscarded-array-qualifiers]
  writeConfig(fd, cfg_advanced_awb_);
                  ^~~~~~~~~~~~~~~~~
../src/cameraiic.h:462:6: note: expected ‘uint16_t (*)[2] {aka short unsigned int (*)[2]}’ but argument is of type ‘const uint16_t (*)[2] {aka const short unsigned int (*)[2]}’
 void writeConfig(int fd, uint16_t config[][2]) {
      ^~~~~~~~~~~
../src/cameratest.c: In function ‘vdma_setup’:
../src/cameratest.c:125:32: warning: assignment makes pointer from integer without a cast [-Wint-conversion]
     handle->fb1PhysicalAddress = fb1Addr;
                                ^
../src/cameratest.c:132:32: warning: assignment makes pointer from integer without a cast [-Wint-conversion]
     handle->fb2PhysicalAddress = fb2Addr;
                                ^
../src/cameratest.c:139:32: warning: assignment makes pointer from integer without a cast [-Wint-conversion]
     handle->fb3PhysicalAddress = fb3Addr;
                                ^
../src/cameratest.c: In function ‘vdma_start_triple_buffering’:
../src/cameratest.c:239:53: warning: passing argument 3 of ‘vdma_set’ makes integer from pointer without a cast [-Wint-conversion]
     vdma_set(handle, OFFSET_VDMA_S2MM_FRAMEBUFFER1, handle->fb1PhysicalAddress);
                                                     ^~~~~~
../src/cameratest.c:108:6: note: expected ‘unsigned int’ but argument is of type ‘unsigned char *’
 void vdma_set(vdma_handle *handle, int num, unsigned int val) {
      ^~~~~~~~
../src/cameratest.c:241:53: warning: passing argument 3 of ‘vdma_set’ makes integer from pointer without a cast [-Wint-conversion]
     vdma_set(handle, OFFSET_VDMA_S2MM_FRAMEBUFFER2, handle->fb2PhysicalAddress);
                                                     ^~~~~~
../src/cameratest.c:108:6: note: expected ‘unsigned int’ but argument is of type ‘unsigned char *’
 void vdma_set(vdma_handle *handle, int num, unsigned int val) {
      ^~~~~~~~
[...]
In file included from ../src/cameratest.c:20:0:
../src/cameraiic.h: In function ‘cameraInit’:
../src/cameraiic.h:504:19: warning: passing argument 2 of ‘writeConfig’ discards ‘const’ qualifier from pointer target type [-Wdiscarded-array-qualifiers]
  writeConfig(fd,  cfg_init_);
                   ^~~~~~~~~
../src/cameraiic.h:462:6: note: expected ‘uint16_t (*)[2] {aka short unsigned int (*)[2]}’ but argument is of type ‘const uint16_t (*)[2] {aka const short unsigned int (*)[2]}’
 void writeConfig(int fd, uint16_t config[][2]) {
      ^~~~~~~~~~~
../src/cameraiic.h:508:18: warning: passing argument 2 of ‘writeConfig’ discards ‘const’ qualifier from pointer target type [-Wdiscarded-array-qualifiers]
  writeConfig(fd, cfg_720p_60fps_);
                  ^~~~~~~~~~~~~~~
../src/cameraiic.h:462:6: note: expected ‘uint16_t (*)[2] {aka short unsigned int (*)[2]}’ but argument is of type ‘const uint16_t (*)[2] {aka const short unsigned int (*)[2]}’
 void writeConfig(int fd, uint16_t config[][2]) {
      ^~~~~~~~~~~
../src/cameraiic.h:512:18: warning: passing argument 2 of ‘writeConfig’ discards ‘const’ qualifier from pointer target type [-Wdiscarded-array-qualifiers]
  writeConfig(fd, cfg_simple_awb_);
                  ^~~~~~~~~~~~~~~
../src/cameraiic.h:462:6: note: expected ‘uint16_t (*)[2] {aka short unsigned int (*)[2]}’ but argument is of type ‘const uint16_t (*)[2] {aka const short unsigned int (*)[2]}’
 void writeConfig(int fd, uint16_t config[][2]) {
      ^~~~~~~~~~~
../src/cameratest.c: In function ‘vdma_setup’:
../src/cameratest.c:135:32: warning: assignment makes pointer from integer without a cast [-Wint-conversion]
     handle->fb1PhysicalAddress = fb1Addr;
                                ^
../src/cameratest.c:142:32: warning: assignment makes pointer from integer without a cast [-Wint-conversion]
     handle->fb2PhysicalAddress = fb2Addr;
                                ^
../src/cameratest.c:149:32: warning: assignment makes pointer from integer without a cast [-Wint-conversion]
     handle->fb3PhysicalAddress = fb3Addr;
                                ^
../src/cameratest.c: In function ‘vdma_start_triple_buffering’:
../src/cameratest.c:250:53: warning: passing argument 3 of ‘vdma_set’ makes integer from pointer without a cast [-Wint-conversion]
     vdma_set(handle, OFFSET_VDMA_S2MM_FRAMEBUFFER1, handle->fb1PhysicalAddress);
                                                     ^~~~~~
../src/cameratest.c:117:6: note: expected ‘unsigned int’ but argument is of type ‘unsigned char *’
 void vdma_set(vdma_handle *handle, int num, unsigned int val) {
      ^~~~~~~~
../src/cameratest.c:252:53: warning: passing argument 3 of ‘vdma_set’ makes integer from pointer without a cast [-Wint-conversion]
     vdma_set(handle, OFFSET_VDMA_S2MM_FRAMEBUFFER2, handle->fb2PhysicalAddress);
                                                     ^~~~~~
../src/cameratest.c:117:6: note: expected ‘unsigned int’ but argument is of type ‘unsigned char *’
 void vdma_set(vdma_handle *handle, int num, unsigned int val) {
      ^~~~~~~~
../src/cameratest.c:254:53: warning: passing argument 3 of ‘vdma_set’ makes integer from pointer without a cast [-Wint-conversion]
     vdma_set(handle, OFFSET_VDMA_S2MM_FRAMEBUFFER3, handle->fb3PhysicalAddress);
                                                     ^~~~~~
../src/cameratest.c:117:6: note: expected ‘unsigned int’ but argument is of type ‘unsigned char *’
 void vdma_set(vdma_handle *handle, int num, unsigned int val) {
      ^~~~~~~~
../src/cameratest.c: In function ‘main’:
../src/cameratest.c:299:12: warning: unused variable ‘i’ [-Wunused-variable]
     int j, i;
            ^
../src/cameratest.c:299:9: warning: unused variable ‘j’ [-Wunused-variable]
     int j, i;
         ^
Finished building: ../src/cameratest.c
 
Building target: cameratest.elf
Invoking: ARM v7 Linux gcc linker
arm-linux-gnueabihf-gcc -L"/home/catabit/Zybo/plvideotest/build/tmp/sysroots/plnx_arm/usr/lib" -L"/home/catabit/Zybo/plvideotest/build/tmp/sysroots/plnx_arm/lib" --sysroot="/home/catabit/Zybo/plvideotest/build/tmp/sysroots/plnx_arm" -o "cameratest.elf"  ./src/cameratest.o   -luiotools
Finished building target: cameratest.elf
 
Invoking: ARM v7 Linux Print Size
arm-linux-gnueabihf-size cameratest.elf  |tee "cameratest.elf.size"
   text	   data	    bss	    dec	    hex	filename
   8851	    366	      2	   9219	   2403	cameratest.elf
Finished building: cameratest.elf.size
 
23:43:06 **** Auto Build of configuration Debug for project cameratest ****
make all 
Building file: ../src/cameratest.c
Invoking: ARM v7 Linux gcc compiler
arm-linux-gnueabihf-gcc -Wall -O0 -g3 -I"/home/catabit/Zybo/plvideotest/build/tmp/sysroots/plnx_arm/usr/include" -I"/home/catabit/.opt/petalinux/tools/linux-i386/gcc-arm-linux-gnueabi/arm-linux-gnueabihf/include" -I"/home/catabit/.opt/petalinux/tools/linux-i386/gcc-arm-linux-gnueabi/arm-linux-gnueabihf/libc/usr/include" -I"/home/catabit/.opt/petalinux/tools/linux-i386/gcc-arm-linux-gnueabi/lib/gcc/arm-linux-gnueabihf/6.2.1/include" -I"/home/catabit/.opt/petalinux/tools/linux-i386/gcc-arm-linux-gnueabi/lib/gcc/arm-linux-gnueabihf/6.2.1/include-fixed" -c -fmessage-length=0 -MT"src/cameratest.o" -MMD -MP -MF"src/cameratest.d" -MT"src/cameratest.o" -o "src/cameratest.o" "../src/cameratest.c"
In file included from ../src/cameratest.c:20:0:
../src/cameraiic.h: In function ‘cameraInit’:
../src/cameraiic.h:504:19: warning: passing argument 2 of ‘writeConfig’ discards ‘const’ qualifier from pointer target type [-Wdiscarded-array-qualifiers]
  writeConfig(fd,  cfg_init_);
                   ^~~~~~~~~
../src/cameraiic.h:462:6: note: expected ‘uint16_t (*)[2] {aka short unsigned int (*)[2]}’ but argument is of type ‘const uint16_t (*)[2] {aka const short unsigned int (*)[2]}’
 void writeConfig(int fd, uint16_t config[][2]) {
      ^~~~~~~~~~~
../src/cameraiic.h:508:18: warning: passing argument 2 of ‘writeConfig’ discards ‘const’ qualifier from pointer target type [-Wdiscarded-array-qualifiers]
  writeConfig(fd, cfg_720p_60fps_);
                  ^~~~~~~~~~~~~~~
../src/cameraiic.h:462:6: note: expected ‘uint16_t (*)[2] {aka short unsigned int (*)[2]}’ but argument is of type ‘const uint16_t (*)[2] {aka const short unsigned int (*)[2]}’
 void writeConfig(int fd, uint16_t config[][2]) {
      ^~~~~~~~~~~
../src/cameraiic.h:512:18: warning: passing argument 2 of ‘writeConfig’ discards ‘const’ qualifier from pointer target type [-Wdiscarded-array-qualifiers]
  writeConfig(fd, cfg_simple_awb_);
                  ^~~~~~~~~~~~~~~
../src/cameraiic.h:462:6: note: expected ‘uint16_t (*)[2] {aka short unsigned int (*)[2]}’ but argument is of type ‘const uint16_t (*)[2] {aka const short unsigned int (*)[2]}’
 void writeConfig(int fd, uint16_t config[][2]) {
      ^~~~~~~~~~~
../src/cameratest.c: In function ‘vdma_setup’:
../src/cameratest.c:135:32: warning: assignment makes pointer from integer without a cast [-Wint-conversion]
     handle->fb1PhysicalAddress = fb1Addr;
                                ^
../src/cameratest.c:142:32: warning: assignment makes pointer from integer without a cast [-Wint-conversion]
     handle->fb2PhysicalAddress = fb2Addr;
                                ^
../src/cameratest.c:149:32: warning: assignment makes pointer from integer without a cast [-Wint-conversion]
     handle->fb3PhysicalAddress = fb3Addr;
                                ^
../src/cameratest.c: In function ‘vdma_start_triple_buffering’:
../src/cameratest.c:250:53: warning: passing argument 3 of ‘vdma_set’ makes integer from pointer without a cast [-Wint-conversion]
     vdma_set(handle, OFFSET_VDMA_S2MM_FRAMEBUFFER1, handle->fb1PhysicalAddress);
                                                     ^~~~~~
../src/cameratest.c:117:6: note: expected ‘unsigned int’ but argument is of type ‘unsigned char *’
 void vdma_set(vdma_handle *handle, int num, unsigned int val) {
      ^~~~~~~~
../src/cameratest.c:252:53: warning: passing argument 3 of ‘vdma_set’ makes integer from pointer without a cast [-Wint-conversion]
     vdma_set(handle, OFFSET_VDMA_S2MM_FRAMEBUFFER2, handle->fb2PhysicalAddress);
                                                     ^~~~~~
../src/cameratest.c:117:6: note: expected ‘unsigned int’ but argument is of type ‘unsigned char *’
 void vdma_set(vdma_handle *handle, int num, unsigned int val) {
      ^~~~~~~~
../src/cameratest.c:254:53: warning: passing argument 3 of ‘vdma_set’ makes integer from pointer without a cast [-Wint-conversion]
     vdma_set(handle, OFFSET_VDMA_S2MM_FRAMEBUFFER3, handle->fb3PhysicalAddress);
                                                     ^~~~~~
../src/cameratest.c:117:6: note: expected ‘unsigned int’ but argument is of type ‘unsigned char *’
 void vdma_set(vdma_handle *handle, int num, unsigned int val) {
      ^~~~~~~~
../src/cameratest.c: In function ‘main’:
../src/cameratest.c:299:12: warning: unused variable ‘i’ [-Wunused-variable]
     int j, i;
            ^
../src/cameratest.c:299:9: warning: unused variable ‘j’ [-Wunused-variable]
     int j, i;
         ^
Finished building: ../src/cameratest.c
 
Building target: cameratest.elf
Invoking: ARM v7 Linux gcc linker
arm-linux-gnueabihf-gcc -L"/home/catabit/Zybo/plvideotest/build/tmp/sysroots/plnx_arm/usr/lib" -L"/home/catabit/Zybo/plvideotest/build/tmp/sysroots/plnx_arm/lib" --sysroot="/home/catabit/Zybo/plvideotest/build/tmp/sysroots/plnx_arm" -o "cameratest.elf"  ./src/cameratest.o   -luiotools
Finished building target: cameratest.elf
 
Invoking: ARM v7 Linux Print Size
arm-linux-gnueabihf-size cameratest.elf  |tee "cameratest.elf.size"
   text	   data	    bss	    dec	    hex	filename
   8851	    366	      2	   9219	   2403	cameratest.elf
Finished building: cameratest.elf.size
 
23:43:30 **** Auto Build of configuration Debug for project cameratest ****
make all 
Building file: ../src/cameratest.c
Invoking: ARM v7 Linux gcc compiler
arm-linux-gnueabihf-gcc -Wall -O0 -g3 -I"/home/catabit/Zybo/plvideotest/build/tmp/sysroots/plnx_arm/usr/include" -I"/home/catabit/.opt/petalinux/tools/linux-i386/gcc-arm-linux-gnueabi/arm-linux-gnueabihf/include" -I"/home/catabit/.opt/petalinux/tools/linux-i386/gcc-arm-linux-gnueabi/arm-linux-gnueabihf/libc/usr/include" -I"/home/catabit/.opt/petalinux/tools/linux-i386/gcc-arm-linux-gnueabi/lib/gcc/arm-linux-gnueabihf/6.2.1/include" -I"/home/catabit/.opt/petalinux/tools/linux-i386/gcc-arm-linux-gnueabi/lib/gcc/arm-linux-gnueabihf/6.2.1/include-fixed" -c -fmessage-length=0 -MT"src/cameratest.o" -MMD -MP -MF"src/cameratest.d" -MT"src/cameratest.o" -o "src/cameratest.o" "../src/cameratest.c"
In file included from ../src/cameratest.c:20:0:
../src/cameraiic.h: In function ‘cameraInit’:
../src/cameraiic.h:504:19: warning: passing argument 2 of ‘writeConfig’ discards ‘const’ qualifier from pointer target type [-Wdiscarded-array-qualifiers]
  writeConfig(fd,  cfg_init_);
                   ^~~~~~~~~
../src/cameraiic.h:462:6: note: expected ‘uint16_t (*)[2] {aka short unsigned int (*)[2]}’ but argument is of type ‘const uint16_t (*)[2] {aka const short unsigned int (*)[2]}’
 void writeConfig(int fd, uint16_t config[][2]) {
      ^~~~~~~~~~~
../src/cameraiic.h:508:18: warning: passing argument 2 of ‘writeConfig’ discards ‘const’ qualifier from pointer target type [-Wdiscarded-array-qualifiers]
  writeConfig(fd, cfg_720p_60fps_);
                  ^~~~~~~~~~~~~~~
../src/cameraiic.h:462:6: note: expected ‘uint16_t (*)[2] {aka short unsigned int (*)[2]}’ but argument is of type ‘const uint16_t (*)[2] {aka const short unsigned int (*)[2]}’
 void writeConfig(int fd, uint16_t config[][2]) {
      ^~~~~~~~~~~
../src/cameraiic.h:512:18: warning: passing argument 2 of ‘writeConfig’ discards ‘const’ qualifier from pointer target type [-Wdiscarded-array-qualifiers]
  writeConfig(fd, cfg_simple_awb_);
                  ^~~~~~~~~~~~~~~
../src/cameraiic.h:462:6: note: expected ‘uint16_t (*)[2] {aka short unsigned int (*)[2]}’ but argument is of type ‘const uint16_t (*)[2] {aka const short unsigned int (*)[2]}’
 void writeConfig(int fd, uint16_t config[][2]) {
      ^~~~~~~~~~~
../src/cameraiic.h:515:15: error: expected expression before ‘)’ token
  set_test(fd, );
               ^
../src/cameratest.c: In function ‘vdma_setup’:
../src/cameratest.c:135:32: warning: assignment makes pointer from integer without a cast [-Wint-conversion]
     handle->fb1PhysicalAddress = fb1Addr;
                                ^
../src/cameratest.c:142:32: warning: assignment makes pointer from integer without a cast [-Wint-conversion]
     handle->fb2PhysicalAddress = fb2Addr;
                                ^
../src/cameratest.c:149:32: warning: assignment makes pointer from integer without a cast [-Wint-conversion]
     handle->fb3PhysicalAddress = fb3Addr;
                                ^
../src/cameratest.c: In function ‘vdma_start_triple_buffering’:
../src/cameratest.c:250:53: warning: passing argument 3 of ‘vdma_set’ makes integer from pointer without a cast [-Wint-conversion]
     vdma_set(handle, OFFSET_VDMA_S2MM_FRAMEBUFFER1, handle->fb1PhysicalAddress);
                                                     ^~~~~~
../src/cameratest.c:117:6: note: expected ‘unsigned int’ but argument is of type ‘unsigned char *’
 void vdma_set(vdma_handle *handle, int num, unsigned int val) {
      ^~~~~~~~
../src/cameratest.c:252:53: warning: passing argument 3 of ‘vdma_set’ makes integer from pointer without a cast [-Wint-conversion]
     vdma_set(handle, OFFSET_VDMA_S2MM_FRAMEBUFFER2, handle->fb2PhysicalAddress);
                                                     ^~~~~~
../src/cameratest.c:117:6: note: expected ‘unsigned int’ but argument is of type ‘unsigned char *’
 void vdma_set(vdma_handle *handle, int num, unsigned int val) {
      ^~~~~~~~
../src/cameratest.c:254:53: warning: passing argument 3 of ‘vdma_set’ makes integer from pointer without a cast [-Wint-conversion]
     vdma_set(handle, OFFSET_VDMA_S2MM_FRAMEBUFFER3, handle->fb3PhysicalAddress);
                                                     ^~~~~~
../src/cameratest.c:117:6: note: expected ‘unsigned int’ but argument is of type ‘unsigned char *’
 void vdma_set(vdma_handle *handle, int num, unsigned int val) {
      ^~~~~~~~
../src/cameratest.c: In function ‘main’:
../src/cameratest.c:299:12: warning: unused variable ‘i’ [-Wunused-variable]
     int j, i;
            ^
../src/cameratest.c:299:9: warning: unused variable ‘j’ [-Wunused-variable]
     int j, i;
         ^
make: *** [src/cameratest.o] Error 1
src/subdir.mk:18: recipe for target 'src/cameratest.o' failed
23:43:33 **** Auto Build of configuration Debug for project cameratest ****
make all 
Building file: ../src/cameratest.c
Invoking: ARM v7 Linux gcc compiler
arm-linux-gnueabihf-gcc -Wall -O0 -g3 -I"/home/catabit/Zybo/plvideotest/build/tmp/sysroots/plnx_arm/usr/include" -I"/home/catabit/.opt/petalinux/tools/linux-i386/gcc-arm-linux-gnueabi/arm-linux-gnueabihf/include" -I"/home/catabit/.opt/petalinux/tools/linux-i386/gcc-arm-linux-gnueabi/arm-linux-gnueabihf/libc/usr/include" -I"/home/catabit/.opt/petalinux/tools/linux-i386/gcc-arm-linux-gnueabi/lib/gcc/arm-linux-gnueabihf/6.2.1/include" -I"/home/catabit/.opt/petalinux/tools/linux-i386/gcc-arm-linux-gnueabi/lib/gcc/arm-linux-gnueabihf/6.2.1/include-fixed" -c -fmessage-length=0 -MT"src/cameratest.o" -MMD -MP -MF"src/cameratest.d" -MT"src/cameratest.o" -o "src/cameratest.o" "../src/cameratest.c"
In file included from ../src/cameratest.c:20:0:
../src/cameraiic.h: In function ‘cameraInit’:
../src/cameraiic.h:504:19: warning: passing argument 2 of ‘writeConfig’ discards ‘const’ qualifier from pointer target type [-Wdiscarded-array-qualifiers]
  writeConfig(fd,  cfg_init_);
                   ^~~~~~~~~
../src/cameraiic.h:462:6: note: expected ‘uint16_t (*)[2] {aka short unsigned int (*)[2]}’ but argument is of type ‘const uint16_t (*)[2] {aka const short unsigned int (*)[2]}’
 void writeConfig(int fd, uint16_t config[][2]) {
      ^~~~~~~~~~~
../src/cameraiic.h:508:18: warning: passing argument 2 of ‘writeConfig’ discards ‘const’ qualifier from pointer target type [-Wdiscarded-array-qualifiers]
  writeConfig(fd, cfg_720p_60fps_);
                  ^~~~~~~~~~~~~~~
../src/cameraiic.h:462:6: note: expected ‘uint16_t (*)[2] {aka short unsigned int (*)[2]}’ but argument is of type ‘const uint16_t (*)[2] {aka const short unsigned int (*)[2]}’
 void writeConfig(int fd, uint16_t config[][2]) {
      ^~~~~~~~~~~
../src/cameraiic.h:512:18: warning: passing argument 2 of ‘writeConfig’ discards ‘const’ qualifier from pointer target type [-Wdiscarded-array-qualifiers]
  writeConfig(fd, cfg_simple_awb_);
                  ^~~~~~~~~~~~~~~
../src/cameraiic.h:462:6: note: expected ‘uint16_t (*)[2] {aka short unsigned int (*)[2]}’ but argument is of type ‘const uint16_t (*)[2] {aka const short unsigned int (*)[2]}’
 void writeConfig(int fd, uint16_t config[][2]) {
      ^~~~~~~~~~~
../src/cameratest.c: In function ‘vdma_setup’:
../src/cameratest.c:135:32: warning: assignment makes pointer from integer without a cast [-Wint-conversion]
     handle->fb1PhysicalAddress = fb1Addr;
                                ^
../src/cameratest.c:142:32: warning: assignment makes pointer from integer without a cast [-Wint-conversion]
     handle->fb2PhysicalAddress = fb2Addr;
                                ^
../src/cameratest.c:149:32: warning: assignment makes pointer from integer without a cast [-Wint-conversion]
     handle->fb3PhysicalAddress = fb3Addr;
                                ^
../src/cameratest.c: In function ‘vdma_start_triple_buffering’:
../src/cameratest.c:250:53: warning: passing argument 3 of ‘vdma_set’ makes integer from pointer without a cast [-Wint-conversion]
     vdma_set(handle, OFFSET_VDMA_S2MM_FRAMEBUFFER1, handle->fb1PhysicalAddress);
                                                     ^~~~~~
../src/cameratest.c:117:6: note: expected ‘unsigned int’ but argument is of type ‘unsigned char *’
 void vdma_set(vdma_handle *handle, int num, unsigned int val) {
      ^~~~~~~~
../src/cameratest.c:252:53: warning: passing argument 3 of ‘vdma_set’ makes integer from pointer without a cast [-Wint-conversion]
     vdma_set(handle, OFFSET_VDMA_S2MM_FRAMEBUFFER2, handle->fb2PhysicalAddress);
                                                     ^~~~~~
../src/cameratest.c:117:6: note: expected ‘unsigned int’ but argument is of type ‘unsigned char *’
 void vdma_set(vdma_handle *handle, int num, unsigned int val) {
      ^~~~~~~~
../src/cameratest.c:254:53: warning: passing argument 3 of ‘vdma_set’ makes integer from pointer without a cast [-Wint-conversion]
     vdma_set(handle, OFFSET_VDMA_S2MM_FRAMEBUFFER3, handle->fb3PhysicalAddress);
                                                     ^~~~~~
../src/cameratest.c:117:6: note: expected ‘unsigned int’ but argument is of type ‘unsigned char *’
 void vdma_set(vdma_handle *handle, int num, unsigned int val) {
      ^~~~~~~~
../src/cameratest.c: In function ‘main’:
../src/cameratest.c:299:12: warning: unused variable ‘i’ [-Wunused-variable]
     int j, i;
            ^
../src/cameratest.c:299:9: warning: unused variable ‘j’ [-Wunused-variable]
     int j, i;
         ^
Finished building: ../src/cameratest.c
 
Building target: cameratest.elf
Invoking: ARM v7 Linux gcc linker
arm-linux-gnueabihf-gcc -L"/home/catabit/Zybo/plvideotest/build/tmp/sysroots/plnx_arm/usr/lib" -L"/home/catabit/Zybo/plvideotest/build/tmp/sysroots/plnx_arm/lib" --sysroot="/home/catabit/Zybo/plvideotest/build/tmp/sysroots/plnx_arm" -o "cameratest.elf"  ./src/cameratest.o   -luiotools
Finished building target: cameratest.elf
 
Invoking: ARM v7 Linux Print Size
arm-linux-gnueabihf-size cameratest.elf  |tee "cameratest.elf.size"
   text	   data	    bss	    dec	    hex	filename
   8851	    366	      2	   9219	   2403	cameratest.elf
Finished building: cameratest.elf.size
 
